Component: ARM Compiler 5.06 update 6 (build 750) Tool: armlink [4d35ed]

==============================================================================

Section Cross References

    isr.o(i.DMA1_Channel1_IRQHandler) refers to hal_dma.o(i.DMA_GetFlagStatus) for DMA_GetFlagStatus
    isr.o(i.DMA1_Channel1_IRQHandler) refers to hal_dma.o(i.DMA_ClearFlag) for DMA_ClearFlag
    isr.o(i.DMA1_Channel2_3_IRQHandler) refers to hal_dma.o(i.DMA_GetFlagStatus) for DMA_GetFlagStatus
    isr.o(i.DMA1_Channel2_3_IRQHandler) refers to hal_dma.o(i.DMA_ClearFlag) for DMA_ClearFlag
    isr.o(i.DMA1_Channel4_5_IRQHandler) refers to hal_dma.o(i.DMA_GetFlagStatus) for DMA_GetFlagStatus
    isr.o(i.DMA1_Channel4_5_IRQHandler) refers to hal_dma.o(i.DMA_ClearFlag) for DMA_ClearFlag
    isr.o(i.DMA1_Channel4_5_IRQHandler) refers to seekfree_uart_7725.o(i.ov7725_uart_dma) for ov7725_uart_dma
    isr.o(i.DMA1_Channel4_5_IRQHandler) refers to seekfree_mt9v03x.o(i.mt9v03x_dma) for mt9v03x_dma
    isr.o(i.DMA1_Channel4_5_IRQHandler) refers to common.o(.data) for camera_type
    isr.o(i.EXTI0_1_IRQHandler) refers to hal_exti.o(i.EXTI_GetITStatus) for EXTI_GetITStatus
    isr.o(i.EXTI0_1_IRQHandler) refers to hal_exti.o(i.EXTI_ClearFlag) for EXTI_ClearFlag
    isr.o(i.EXTI2_3_IRQHandler) refers to hal_exti.o(i.EXTI_GetITStatus) for EXTI_GetITStatus
    isr.o(i.EXTI2_3_IRQHandler) refers to hal_exti.o(i.EXTI_ClearFlag) for EXTI_ClearFlag
    isr.o(i.EXTI4_15_IRQHandler) refers to hal_exti.o(i.EXTI_GetITStatus) for EXTI_GetITStatus
    isr.o(i.EXTI4_15_IRQHandler) refers to hal_exti.o(i.EXTI_ClearFlag) for EXTI_ClearFlag
    isr.o(i.EXTI4_15_IRQHandler) refers to seekfree_uart_7725.o(i.ov7725_uart_vsync) for ov7725_uart_vsync
    isr.o(i.EXTI4_15_IRQHandler) refers to seekfree_mt9v03x.o(i.mt9v03x_vsync) for mt9v03x_vsync
    isr.o(i.EXTI4_15_IRQHandler) refers to common.o(.data) for camera_type
    isr.o(i.TIM14_IRQHandler) refers to zf_gpio.o(i.gpio_get) for gpio_get
    isr.o(i.TIM14_IRQHandler) refers to main.o(.data) for h1
    isr.o(i.TIM16_IRQHandler) refers to zf_tim.o(i.tim_encoder_get_count) for tim_encoder_get_count
    isr.o(i.TIM16_IRQHandler) refers to main.o(i.daochemotor_init) for daochemotor_init
    isr.o(i.TIM16_IRQHandler) refers to main.o(i.motor_init) for motor_init
    isr.o(i.TIM16_IRQHandler) refers to main.o(.data) for coderB
    isr.o(i.TIM17_IRQHandler) refers to main.o(i.jiance_init) for jiance_init
    isr.o(i.TIM17_IRQHandler) refers to main.o(i.daochedirection_init) for daochedirection_init
    isr.o(i.TIM17_IRQHandler) refers to main.o(i.daocheRun_PID_init) for daocheRun_PID_init
    isr.o(i.TIM17_IRQHandler) refers to main.o(i.direction_init) for direction_init
    isr.o(i.TIM17_IRQHandler) refers to main.o(i.Run_PID_init) for Run_PID_init
    isr.o(i.TIM17_IRQHandler) refers to main.o(i.daoyao_init) for daoyao_init
    isr.o(i.TIM17_IRQHandler) refers to main.o(.data) for daocheflag
    isr.o(i.UART2_IRQHandler) refers to seekfree_uart_7725.o(i.ov7725_cof_uart_interrupt) for ov7725_cof_uart_interrupt
    isr.o(i.UART2_IRQHandler) refers to seekfree_mt9v03x.o(i.mt9v03x_uart_callback) for mt9v03x_uart_callback
    isr.o(i.UART2_IRQHandler) refers to common.o(.data) for camera_type
    main.o(i.Run_PID_init) refers to memcpya.o(.text) for __aeabi_memcpy4
    main.o(i.Run_PID_init) refers to pid.o(i.pid_solve) for pid_solve
    main.o(i.Run_PID_init) refers to cfrcmple.o(.text) for __aeabi_cfrcmple
    main.o(i.Run_PID_init) refers to cfcmple.o(.text) for __aeabi_cfcmple
    main.o(i.Run_PID_init) refers to fmul.o(.text) for __aeabi_fmul
    main.o(i.Run_PID_init) refers to fadd.o(.text) for __aeabi_frsub
    main.o(i.Run_PID_init) refers to ffixi.o(.text) for __aeabi_f2iz
    main.o(i.Run_PID_init) refers to zf_pwm.o(i.pwm_duty_updata) for pwm_duty_updata
    main.o(i.Run_PID_init) refers to main.o(.data) for duty
    main.o(i.Run_PID_init) refers to main.o(.constdata) for .constdata
    main.o(i.Speed_set) refers to idiv.o(.text) for __aeabi_idivmod
    main.o(i.Speed_set) refers to fflti.o(.text) for __aeabi_i2f
    main.o(i.Speed_set) refers to fmul.o(.text) for __aeabi_fmul
    main.o(i.Speed_set) refers to fdiv.o(.text) for __aeabi_fdiv
    main.o(i.Speed_set) refers to main.o(i.myabs_f) for myabs_f
    main.o(i.Speed_set) refers to cfcmple.o(.text) for __aeabi_cfcmple
    main.o(i.Speed_set) refers to f2d.o(.text) for __aeabi_f2d
    main.o(i.Speed_set) refers to tan.o(i.tan) for tan
    main.o(i.Speed_set) refers to ddiv.o(.text) for __aeabi_ddiv
    main.o(i.Speed_set) refers to d2f.o(.text) for __aeabi_d2f
    main.o(i.Speed_set) refers to fadd.o(.text) for __aeabi_fadd
    main.o(i.Speed_set) refers to ffixi.o(.text) for __aeabi_f2iz
    main.o(i.Speed_set) refers to main.o(i.motor_init) for motor_init
    main.o(i.Speed_set) refers to main.o(.data) for duty
    main.o(i.daocheRun_PID_init) refers to memcpya.o(.text) for __aeabi_memcpy4
[...]
    Removing hal_rcc.o(i.RCC_APB1PeriphResetCmd), (32 bytes).
    Removing hal_rcc.o(i.RCC_APB2PeriphClockCmd), (32 bytes).
    Removing hal_rcc.o(i.RCC_APB2PeriphResetCmd), (32 bytes).
    Removing hal_rcc.o(i.RCC_ClearFlag), (20 bytes).
    Removing hal_rcc.o(i.RCC_ClearITPendingBit), (20 bytes).
    Removing hal_rcc.o(i.RCC_ClockSecuritySystemCmd), (24 bytes).
    Removing hal_rcc.o(i.RCC_DeInit), (64 bytes).
    Removing hal_rcc.o(i.RCC_GetClocksFreq), (72 bytes).
    Removing hal_rcc.o(i.RCC_GetFlagStatus), (56 bytes).
    Removing hal_rcc.o(i.RCC_GetHCLKFreq), (32 bytes).
    Removing hal_rcc.o(i.RCC_GetITStatus), (16 bytes).
    Removing hal_rcc.o(i.RCC_GetPCLK1Freq), (36 bytes).
    Removing hal_rcc.o(i.RCC_GetPCLK2Freq), (36 bytes).
    Removing hal_rcc.o(i.RCC_GetSYSCLKSource), (16 bytes).
    Removing hal_rcc.o(i.RCC_GetSysClockFreq), (136 bytes).
    Removing hal_rcc.o(i.RCC_HCLKConfig), (20 bytes).
    Removing hal_rcc.o(i.RCC_HSEConfig), (88 bytes).
    Removing hal_rcc.o(i.RCC_HSICmd), (20 bytes).
    Removing hal_rcc.o(i.RCC_ITConfig), (36 bytes).
    Removing hal_rcc.o(i.RCC_LSICmd), (20 bytes).
    Removing hal_rcc.o(i.RCC_MCOConfig), (24 bytes).
    Removing hal_rcc.o(i.RCC_PCLK1Config), (24 bytes).
    Removing hal_rcc.o(i.RCC_PCLK2Config), (24 bytes).
    Removing hal_rcc.o(i.RCC_PLLCmd), (24 bytes).
    Removing hal_rcc.o(i.RCC_PLLConfig), (92 bytes).
    Removing hal_rcc.o(i.RCC_PLLDMDNConfig), (32 bytes).
    Removing hal_rcc.o(i.RCC_SYSCLKConfig), (20 bytes).
    Removing hal_rcc.o(i.RCC_WaitForFlagStartUp), (38 bytes).
    Removing hal_rcc.o(i.RCC_WaitForHSEStartUp), (46 bytes).
    Removing hal_rcc.o(i.__NVIC_SetPriority), (120 bytes).
    Removing hal_rcc.o(i.exRCC_APB1PeriphReset), (24 bytes).
    Removing hal_rcc.o(i.exRCC_APB2PeriphReset), (24 bytes).
    Removing hal_rcc.o(i.exRCC_BackupReset), (2 bytes).
    Removing hal_rcc.o(i.exRCC_SystickDisable), (20 bytes).
    Removing hal_rcc.o(i.exRCC_SystickEnable), (72 bytes).
    Removing hal_rcc.o(.data), (16 bytes).
    Removing hal_spi.o(.rev16_text), (4 bytes).
    Removing hal_spi.o(.revsh_text), (4 bytes).
    Removing hal_spi.o(i.SPI_BiDirectionalLineConfig), (64 bytes).
    Removing hal_spi.o(i.SPI_CSInternalSelected), (24 bytes).
    Removing hal_spi.o(i.SPI_ClearITPendingBit), (8 bytes).
    Removing hal_spi.o(i.SPI_Cmd), (24 bytes).
    Removing hal_spi.o(i.SPI_DMACmd), (28 bytes).
    Removing hal_spi.o(i.SPI_DataSizeConfig), (20 bytes).
    Removing hal_spi.o(i.SPI_DataSizeTypeConfig), (18 bytes).
    Removing hal_spi.o(i.SPI_DeInit), (72 bytes).
    Removing hal_spi.o(i.SPI_FifoTrigger), (20 bytes).
    Removing hal_spi.o(i.SPI_GetFlagStatus), (18 bytes).
    Removing hal_spi.o(i.SPI_GetITStatus), (18 bytes).
    Removing hal_spi.o(i.SPI_ITConfig), (38 bytes).
    Removing hal_spi.o(i.SPI_Init), (140 bytes).
    Removing hal_spi.o(i.SPI_NSSInternalSoftwareConfig), (28 bytes).
    Removing hal_spi.o(i.SPI_ReceiveData), (50 bytes).
    Removing hal_spi.o(i.SPI_RxBytes), (4 bytes).
    Removing hal_spi.o(i.SPI_SendData), (42 bytes).
    Removing hal_spi.o(i.SPI_SlaveAdjust), (24 bytes).
    Removing hal_spi.o(i.SPI_StructInit), (32 bytes).
    Removing hal_spi.o(i.exSPI_CSInternalSelected), (24 bytes).
    Removing hal_spi.o(i.exSPI_DMACmd), (28 bytes).
    Removing hal_spi.o(i.exSPI_DataEdgeAdjust), (58 bytes).
    Removing hal_spi.o(i.exSPI_ITCmd), (24 bytes).
    Removing hal_spi.o(i.exSPI_ITConfig), (20 bytes).
    Removing hal_sqrt.o(.rev16_text), (4 bytes).
    Removing hal_sqrt.o(.revsh_text), (4 bytes).
    Removing hal_sqrt.o(i.HWRoot_Get), (12 bytes).
    Removing hal_sqrt.o(i.HWRoot_Set), (12 bytes).
    Removing hal_tim.o(.rev16_text), (4 bytes).
    Removing hal_tim.o(.revsh_text), (4 bytes).
    Removing hal_tim.o(i.TI1_Configure), (32 bytes).
    Removing hal_tim.o(i.TI2_Configure), (38 bytes).
    Removing hal_tim.o(i.TI3_Configure), (38 bytes).
    Removing hal_tim.o(i.TI4_Configure), (42 bytes).
    Removing hal_tim.o(i.TIM_ARRPreloadConfig), (24 bytes).
    Removing hal_tim.o(i.TIM_BDTRConfig), (30 bytes).
    Removing hal_tim.o(i.TIM_BDTRStructInit), (18 bytes).
    Removing hal_tim.o(i.TIM_CCPreloadControl), (24 bytes).
    Removing hal_tim.o(i.TIM_CCxCmd), (20 bytes).
    Removing hal_tim.o(i.TIM_CCxNCmd), (24 bytes).
    Removing hal_tim.o(i.TIM_ClearFlag), (8 bytes).
    Removing hal_tim.o(i.TIM_ClearITPendingBit), (8 bytes).
    Removing hal_tim.o(i.TIM_ClearOC1Ref), (12 bytes).
    Removing hal_tim.o(i.TIM_ClearOC2Ref), (16 bytes).
    Removing hal_tim.o(i.TIM_ClearOC3Ref), (12 bytes).
    Removing hal_tim.o(i.TIM_ClearOC4Ref), (16 bytes).
    Removing hal_tim.o(i.TIM_Cmd), (24 bytes).
    Removing hal_tim.o(i.TIM_CounterModeConfig), (12 bytes).
    Removing hal_tim.o(i.TIM_CtrlPWMOutputs), (28 bytes).
    Removing hal_tim.o(i.TIM_DMACmd), (20 bytes).
    Removing hal_tim.o(i.TIM_DMAConfig), (8 bytes).
    Removing hal_tim.o(i.TIM_DeInit), (144 bytes).
    Removing hal_tim.o(i.TIM_ETRClockMode1Config), (34 bytes).
    Removing hal_tim.o(i.TIM_ETRClockMode2Config), (34 bytes).
    Removing hal_tim.o(i.TIM_ETRConfig), (50 bytes).
    Removing hal_tim.o(i.TIM_EncoderInterfaceConfig), (44 bytes).
    Removing hal_tim.o(i.TIM_ForcedOC1Config), (12 bytes).
    Removing hal_tim.o(i.TIM_ForcedOC2Config), (16 bytes).
    Removing hal_tim.o(i.TIM_ForcedOC3Config), (12 bytes).
    Removing hal_tim.o(i.TIM_ForcedOC4Config), (16 bytes).
    Removing hal_tim.o(i.TIM_GenerateEvent), (4 bytes).
    Removing hal_tim.o(i.TIM_GetCapture1), (6 bytes).
    Removing hal_tim.o(i.TIM_GetCapture2), (6 bytes).
    Removing hal_tim.o(i.TIM_GetCapture3), (6 bytes).
    Removing hal_tim.o(i.TIM_GetCapture4), (6 bytes).
    Removing hal_tim.o(i.TIM_GetCounter), (6 bytes).
    Removing hal_tim.o(i.TIM_GetFlagStatus), (18 bytes).
    Removing hal_tim.o(i.TIM_GetITStatus), (26 bytes).
    Removing hal_tim.o(i.TIM_GetPrescaler), (8 bytes).
    Removing hal_tim.o(i.TIM_ICInit), (120 bytes).
    Removing hal_tim.o(i.TIM_ICStructInit), (18 bytes).
    Removing hal_tim.o(i.TIM_ITConfig), (20 bytes).
    Removing hal_tim.o(i.TIM_ITRxExternalClockConfig), (24 bytes).
    Removing hal_tim.o(i.TIM_InternalClockConfig), (10 bytes).
    Removing hal_tim.o(i.TIM_OC1FastConfig), (12 bytes).
    Removing hal_tim.o(i.TIM_OC1Init), (108 bytes).
    Removing hal_tim.o(i.TIM_OC1NPolarityConfig), (12 bytes).
    Removing hal_tim.o(i.TIM_OC1PolarityConfig), (12 bytes).
    Removing hal_tim.o(i.TIM_OC1PreloadConfig), (12 bytes).
    Removing hal_tim.o(i.TIM_OC2FastConfig), (16 bytes).
    Removing hal_tim.o(i.TIM_OC2Init), (104 bytes).
    Removing hal_tim.o(i.TIM_OC2NPolarityConfig), (14 bytes).
    Removing hal_tim.o(i.TIM_OC2PolarityConfig), (14 bytes).
    Removing hal_tim.o(i.TIM_OC2PreloadConfig), (16 bytes).
    Removing hal_tim.o(i.TIM_OC3FastConfig), (12 bytes).
    Removing hal_tim.o(i.TIM_OC3Init), (104 bytes).
    Removing hal_tim.o(i.TIM_OC3NPolarityConfig), (16 bytes).
    Removing hal_tim.o(i.TIM_OC3PolarityConfig), (16 bytes).
    Removing hal_tim.o(i.TIM_OC3PreloadConfig), (12 bytes).
    Removing hal_tim.o(i.TIM_OC4FastConfig), (16 bytes).
    Removing hal_tim.o(i.TIM_OC4Init), (84 bytes).
    Removing hal_tim.o(i.TIM_OC4PolarityConfig), (16 bytes).
    Removing hal_tim.o(i.TIM_OC4PreloadConfig), (16 bytes).
    Removing hal_tim.o(i.TIM_OCStructInit), (20 bytes).
    Removing hal_tim.o(i.TIM_PWMIConfig), (128 bytes).
    Removing hal_tim.o(i.TIM_PrescalerConfig), (6 bytes).
    Removing hal_tim.o(i.TIM_SelectCCDMA), (24 bytes).
    Removing hal_tim.o(i.TIM_SelectCOM), (24 bytes).
    Removing hal_tim.o(i.TIM_SelectHallSensor), (24 bytes).
    Removing hal_tim.o(i.TIM_SelectInputTrigger), (12 bytes).
    Removing hal_tim.o(i.TIM_SelectMasterSlaveMode), (12 bytes).
    Removing hal_tim.o(i.TIM_SelectOCxM), (92 bytes).
    Removing hal_tim.o(i.TIM_SelectOnePulseMode), (12 bytes).
    Removing hal_tim.o(i.TIM_SelectOutputTrigger), (12 bytes).
    Removing hal_tim.o(i.TIM_SelectSlaveMode), (12 bytes).
    Removing hal_tim.o(i.TIM_SetAutoreload), (4 bytes).
    Removing hal_tim.o(i.TIM_SetClockDivision), (14 bytes).
    Removing hal_tim.o(i.TIM_SetCompare1), (18 bytes).
    Removing hal_tim.o(i.TIM_SetCompare2), (18 bytes).
    Removing hal_tim.o(i.TIM_SetCompare3), (18 bytes).
    Removing hal_tim.o(i.TIM_SetCompare4), (18 bytes).
    Removing hal_tim.o(i.TIM_SetCounter), (18 bytes).
    Removing hal_tim.o(i.TIM_SetIC1Prescaler), (12 bytes).
    Removing hal_tim.o(i.TIM_SetIC2Prescaler), (16 bytes).
    Removing hal_tim.o(i.TIM_SetIC3Prescaler), (12 bytes).
    Removing hal_tim.o(i.TIM_SetIC4Prescaler), (16 bytes).
    Removing hal_tim.o(i.TIM_TIxExternalClockConfig), (58 bytes).
    Removing hal_tim.o(i.TIM_TimeBaseInit), (92 bytes).
    Removing hal_tim.o(i.TIM_TimeBaseStructInit), (18 bytes).
    Removing hal_tim.o(i.TIM_UpdateDisableConfig), (24 bytes).
    Removing hal_tim.o(i.TIM_UpdateRequestConfig), (12 bytes).
    Removing hal_tim.o(i.exTIM_ClearOC5Ref), (12 bytes).
    Removing hal_tim.o(i.exTIM_DirectOutput), (28 bytes).
    Removing hal_tim.o(i.exTIM_GetCapture5), (6 bytes).
    Removing hal_tim.o(i.exTIM_OC5FastConfig), (12 bytes).
    Removing hal_tim.o(i.exTIM_OC5Init), (80 bytes).
    Removing hal_tim.o(i.exTIM_OC5PolarityConfig), (16 bytes).
    Removing hal_tim.o(i.exTIM_OC5PreloadConfig), (12 bytes).
    Removing hal_tim.o(i.exTIM_SetCompare5), (6 bytes).
    Removing hal_tim.o(i.exTIM_SetIC1Plority), (24 bytes).
    Removing hal_tim.o(i.exTIM_SetIC2Plority), (24 bytes).
    Removing hal_tim.o(i.exTIM_SetIC3Plority), (28 bytes).
    Removing hal_tim.o(i.exTIM_SetIC4Plority), (28 bytes).
    Removing hal_uart.o(.rev16_text), (4 bytes).
    Removing hal_uart.o(.revsh_text), (4 bytes).
    Removing hal_uart.o(i.UART_ClearITPendingBit), (4 bytes).
    Removing hal_uart.o(i.UART_Cmd), (12 bytes).
    Removing hal_uart.o(i.UART_DMACmd), (18 bytes).
    Removing hal_uart.o(i.UART_DeInit), (44 bytes).
    Removing hal_uart.o(i.UART_Enable9bit), (16 bytes).
    Removing hal_uart.o(i.UART_GetFlagStatus), (18 bytes).
    Removing hal_uart.o(i.UART_GetITStatus), (18 bytes).
    Removing hal_uart.o(i.UART_HalfDuplexCmd), (16 bytes).
    Removing hal_uart.o(i.UART_ITConfig), (20 bytes).
    Removing hal_uart.o(i.UART_Init), (120 bytes).
    Removing hal_uart.o(i.UART_ReceiveData), (8 bytes).
    Removing hal_uart.o(i.UART_ReceiverWakeUpCmd), (16 bytes).
    Removing hal_uart.o(i.UART_SendBreak), (10 bytes).
    Removing hal_uart.o(i.UART_SendData), (6 bytes).
    Removing hal_uart.o(i.UART_Set9bitAutomaticToggle), (16 bytes).
    Removing hal_uart.o(i.UART_Set9bitLevel), (16 bytes).
    Removing hal_uart.o(i.UART_Set9bitPolarity), (14 bytes).
    Removing hal_uart.o(i.UART_SetGuardTime), (16 bytes).
    Removing hal_uart.o(i.UART_SetRXAddress), (12 bytes).
    Removing hal_uart.o(i.UART_SetRXMASK), (12 bytes).
    Removing hal_uart.o(i.UART_SmartCardCmd), (12 bytes).
    Removing hal_uart.o(i.UART_SmartCardNACKCmd), (14 bytes).
    Removing hal_uart.o(i.UART_StructInit), (26 bytes).
    Removing hal_uart.o(i.UART_WakeUpConfig), (14 bytes).
    Removing hal_uid.o(.rev16_text), (4 bytes).
    Removing hal_uid.o(.revsh_text), (4 bytes).
    Removing hal_uid.o(i.GetChipUID), (32 bytes).
    Removing hal_uid.o(.bss), (12 bytes).
    Removing hal_ver.o(.rev16_text), (4 bytes).
    Removing hal_ver.o(.revsh_text), (4 bytes).
    Removing hal_ver.o(i.Get_ChipsetDEVID), (12 bytes).
    Removing hal_ver.o(i.Get_ChipsetREVID), (16 bytes).
    Removing hal_ver.o(i.Get_ChipsetUIDw0), (12 bytes).
    Removing hal_ver.o(i.Get_ChipsetUIDw1), (12 bytes).
    Removing hal_ver.o(i.Get_ChipsetUIDw2), (12 bytes).
    Removing hal_ver.o(i.Get_MM32LibReleaseDate), (8 bytes).
    Removing hal_ver.o(i.Get_MM32LibVersion), (8 bytes).
    Removing hal_wwdg.o(.rev16_text), (4 bytes).
    Removing hal_wwdg.o(.revsh_text), (4 bytes).
    Removing hal_wwdg.o(i.WWDG_ClearFlag), (20 bytes).
    Removing hal_wwdg.o(i.WWDG_DeInit), (12 bytes).
    Removing hal_wwdg.o(i.WWDG_Enable), (16 bytes).
    Removing hal_wwdg.o(i.WWDG_EnableIT), (20 bytes).
    Removing hal_wwdg.o(i.WWDG_GetCounter), (16 bytes).
    Removing hal_wwdg.o(i.WWDG_GetFlagStatus), (20 bytes).
    Removing hal_wwdg.o(i.WWDG_SetCounter), (16 bytes).
    Removing hal_wwdg.o(i.WWDG_SetPrescaler), (24 bytes).
    Removing hal_wwdg.o(i.WWDG_SetWindowValue), (24 bytes).
    Removing define.o(.rev16_text), (4 bytes).
    Removing define.o(.revsh_text), (4 bytes).
    Removing lcd.o(.rev16_text), (4 bytes).
    Removing lcd.o(.revsh_text), (4 bytes).
    Removing pid.o(.rev16_text), (4 bytes).
    Removing pid.o(.revsh_text), (4 bytes).
    Removing ddiv.o(.text), (240 bytes).
    Removing d2f.o(.text), (56 bytes).
    Removing dscalb.o(.text), (44 bytes).
    Removing dfltui.o(.text), (28 bytes).
    Removing seekfree_absolute_encoder.o(i.__ARM_common_ll_muluu), (48 bytes).

700 unused section(s) (total 43936 bytes) removed from the image.

==============================================================================

Image Symbol Table

    Local Symbols

    Symbol Name                              Value     Ov Type        Size  Object(Section)

    ../clib/../cmprslib/zerorunl2.c          0x00000000   Number         0  __dczerorl2.o ABSOLUTE
    ../clib/microlib/division.c              0x00000000   Number         0  uldiv.o ABSOLUTE
    ../clib/microlib/division.c              0x00000000   Number         0  idiv.o ABSOLUTE
    ../clib/microlib/division.c              0x00000000   Number         0  uidiv.o ABSOLUTE
    ../clib/microlib/errno.c                 0x00000000   Number         0  errno.o ABSOLUTE
    ../clib/microlib/init/entry.s            0x00000000   Number         0  entry5.o ABSOLUTE
    ../clib/microlib/init/entry.s            0x00000000   Number         0  entry2.o ABSOLUTE
    ../clib/microlib/init/entry.s            0x00000000   Number         0  entry8a.o ABSOLUTE
    ../clib/microlib/init/entry.s            0x00000000   Number         0  entry11b.o ABSOLUTE
    ../clib/microlib/init/entry.s            0x00000000   Number         0  entry11a.o ABSOLUTE
    ../clib/microlib/init/entry.s            0x00000000   Number         0  entry10b.o ABSOLUTE
    ../clib/microlib/init/entry.s            0x00000000   Number         0  entry10a.o ABSOLUTE
    ../clib/microlib/init/entry.s            0x00000000   Number         0  entry9b.o ABSOLUTE
    ../clib/microlib/init/entry.s            0x00000000   Number         0  entry9a.o ABSOLUTE
    ../clib/microlib/init/entry.s            0x00000000   Number         0  entry8b.o ABSOLUTE
    ../clib/microlib/init/entry.s            0x00000000   Number         0  entry.o ABSOLUTE
    ../clib/microlib/init/entry.s            0x00000000   Number         0  entry7b.o ABSOLUTE
    ../clib/microlib/init/entry.s            0x00000000   Number         0  entry7a.o ABSOLUTE
    ../clib/microlib/longlong.c              0x00000000   Number         0  llushr.o ABSOLUTE
    ../clib/microlib/longlong.c              0x00000000   Number         0  llshl.o ABSOLUTE
    ../clib/microlib/longlong.c              0x00000000   Number         0  llsshr.o ABSOLUTE
    ../clib/microlib/string/memcpy.c         0x00000000   Number         0  memcpyb.o ABSOLUTE
    ../clib/microlib/string/memcpy.c         0x00000000   Number         0  memcpya.o ABSOLUTE
    ../clib/microlib/stubs.s                 0x00000000   Number         0  iusefp.o ABSOLUTE
    ../fplib/microlib/d2f.c                  0x00000000   Number         0  d2f.o ABSOLUTE
    ../fplib/microlib/f2d.c                  0x00000000   Number         0  f2d.o ABSOLUTE
    ../fplib/microlib/fpadd.c                0x00000000   Number         0  dadd.o ABSOLUTE
    ../fplib/microlib/fpadd.c                0x00000000   Number         0  fadd.o ABSOLUTE
    ../fplib/microlib/fpdiv.c                0x00000000   Number         0  fdiv.o ABSOLUTE
    ../fplib/microlib/fpdiv.c                0x00000000   Number         0  ddiv.o ABSOLUTE
    ../fplib/microlib/fpepilogue.c           0x00000000   Number         0  fepilogue.o ABSOLUTE
    ../fplib/microlib/fpepilogue.c           0x00000000   Number         0  depilogue.o ABSOLUTE
    ../fplib/microlib/fpfix.c                0x00000000   Number         0  ffixi.o ABSOLUTE
    ../fplib/microlib/fpfix.c                0x00000000   Number         0  dfixi.o ABSOLUTE
    ../fplib/microlib/fpfix.c                0x00000000   Number         0  ffixui.o ABSOLUTE
    ../fplib/microlib/fpflt.c                0x00000000   Number         0  dflti.o ABSOLUTE
    ../fplib/microlib/fpflt.c                0x00000000   Number         0  ffltui.o ABSOLUTE
    ../fplib/microlib/fpflt.c                0x00000000   Number         0  fflti.o ABSOLUTE
    ../fplib/microlib/fpflt.c                0x00000000   Number         0  dfltui.o ABSOLUTE
    ../fplib/microlib/fpmul.c                0x00000000   Number         0  dmul.o ABSOLUTE
    ../fplib/microlib/fpmul.c                0x00000000   Number         0  fmul.o ABSOLUTE
    ../fplib/microlib/fpscalb.c              0x00000000   Number         0  dscalb.o ABSOLUTE
    ../mathlib/dunder.c                      0x00000000   Number         0  dunder.o ABSOLUTE
    ../mathlib/fpclassify.c                  0x00000000   Number         0  fpclassify.o ABSOLUTE
    ../mathlib/poly.c                        0x00000000   Number         0  poly.o ABSOLUTE
    ../mathlib/rred.c                        0x00000000   Number         0  rred.o ABSOLUTE
    ../mathlib/tan.c                         0x00000000   Number         0  tan_x.o ABSOLUTE
    ../mathlib/tan.c                         0x00000000   Number         0  tan.o ABSOLUTE
    ../mathlib/tan_i.c                       0x00000000   Number         0  tan_i_x.o ABSOLUTE
    ../mathlib/tan_i.c                       0x00000000   Number         0  tan_i.o ABSOLUTE
    ..\..\Libraries\Device\MM32SPIN2xx_p\HAL_Lib\Src\hal_adc.c 0x00000000   Number         0  hal_adc.o ABSOLUTE
    ..\..\Libraries\Device\MM32SPIN2xx_p\HAL_Lib\Src\hal_bkp.c 0x00000000   Number         0  hal_bkp.o ABSOLUTE
    ..\..\Libraries\Device\MM32SPIN2xx_p\HAL_Lib\Src\hal_comp.c 0x00000000   Number         0  hal_comp.o ABSOLUTE
    ..\..\Libraries\Device\MM32SPIN2xx_p\HAL_Lib\Src\hal_crc.c 0x00000000   Number         0  hal_crc.o ABSOLUTE
    ..\..\Libraries\Device\MM32SPIN2xx_p\HAL_Lib\Src\hal_dbg.c 0x00000000   Number         0  hal_dbg.o ABSOLUTE
    ..\..\Libraries\Device\MM32SPIN2xx_p\HAL_Lib\Src\hal_div.c 0x00000000   Number         0  hal_div.o ABSOLUTE
    ..\..\Libraries\Device\MM32SPIN2xx_p\HAL_Lib\Src\hal_dma.c 0x00000000   Number         0  hal_dma.o ABSOLUTE
    ..\..\Libraries\Device\MM32SPIN2xx_p\HAL_Lib\Src\hal_exti.c 0x00000000   Number         0  hal_exti.o ABSOLUTE
    ..\..\Libraries\Device\MM32SPIN2xx_p\HAL_Lib\Src\hal_flash.c 0x00000000   Number         0  hal_flash.o ABSOLUTE
    ..\..\Libraries\Device\MM32SPIN2xx_p\HAL_Lib\Src\hal_gpio.c 0x00000000   Number         0  hal_gpio.o ABSOLUTE
    ..\..\Libraries\Device\MM32SPIN2xx_p\HAL_Lib\Src\hal_i2c.c 0x00000000   Number         0  hal_i2c.o ABSOLUTE
    ..\..\Libraries\Device\MM32SPIN2xx_p\HAL_Lib\Src\hal_iwdg.c 0x00000000   Number         0  hal_iwdg.o ABSOLUTE
    ..\..\Libraries\Device\MM32SPIN2xx_p\HAL_Lib\Src\hal_misc.c 0x00000000   Number         0  hal_misc.o ABSOLUTE
    ..\..\Libraries\Device\MM32SPIN2xx_p\HAL_Lib\Src\hal_opamp.c 0x00000000   Number         0  hal_opamp.o ABSOLUTE
    ..\..\Libraries\Device\MM32SPIN2xx_p\HAL_Lib\Src\hal_pwr.c 0x00000000   Number         0  hal_pwr.o ABSOLUTE
    ..\..\Libraries\Device\MM32SPIN2xx_p\HAL_Lib\Src\hal_rcc.c 0x00000000   Number         0  hal_rcc.o ABSOLUTE
    ..\..\Libraries\Device\MM32SPIN2xx_p\HAL_Lib\Src\hal_spi.c 0x00000000   Number         0  hal_spi.o ABSOLUTE
    ..\..\Libraries\Device\MM32SPIN2xx_p\HAL_Lib\Src\hal_sqrt.c 0x00000000   Number         0  hal_sqrt.o ABSOLUTE
    ..\..\Libraries\Device\MM32SPIN2xx_p\HAL_Lib\Src\hal_tim.c 0x00000000   Number         0  hal_tim.o ABSOLUTE
    ..\..\Libraries\Device\MM32SPIN2xx_p\HAL_Lib\Src\hal_uart.c 0x00000000   Number         0  hal_uart.o ABSOLUTE
    ..\..\Libraries\Device\MM32SPIN2xx_p\HAL_Lib\Src\hal_uid.c 0x00000000   Number         0  hal_uid.o ABSOLUTE
    ..\..\Libraries\Device\MM32SPIN2xx_p\HAL_Lib\Src\hal_ver.c 0x00000000   Number         0  hal_ver.o ABSOLUTE
    ..\..\Libraries\Device\MM32SPIN2xx_p\HAL_Lib\Src\hal_wwdg.c 0x00000000   Number         0  hal_wwdg.o ABSOLUTE
    ..\..\Libraries\Device\MM32SPIN2xx_p\Source\KEIL_StartAsm\startup_mm32spin2xx_p_keil.s 0x00000000   Number         0  startup_mm32spin2xx_p_keil.o ABSOLUTE
    ..\..\Libraries\Device\MM32SPIN2xx_p\Source\system_mm32spin2xx_p.c 0x00000000   Number         0  system_mm32spin2xx_p.o ABSOLUTE
    ..\..\Libraries\seekfree_libraries\board\board.c 0x00000000   Number         0  board.o ABSOLUTE
    ..\..\Libraries\seekfree_libraries\common\SEEKFREE_PRINTF.c 0x00000000   Number         0  seekfree_printf.o ABSOLUTE
    ..\..\Libraries\seekfree_libraries\common\common.c 0x00000000   Number         0  common.o ABSOLUTE
    ..\..\Libraries\seekfree_libraries\zf_adc.c 0x00000000   Number         0  zf_adc.o ABSOLUTE
    ..\..\Libraries\seekfree_libraries\zf_camera.c 0x00000000   Number         0  zf_camera.o ABSOLUTE
    ..\..\Libraries\seekfree_libraries\zf_exti.c 0x00000000   Number         0  zf_exti.o ABSOLUTE
    ..\..\Libraries\seekfree_libraries\zf_flash.c 0x00000000   Number         0  zf_flash.o ABSOLUTE
    ..\..\Libraries\seekfree_libraries\zf_gpio.c 0x00000000   Number         0  zf_gpio.o ABSOLUTE
    ..\..\Libraries\seekfree_libraries\zf_pit.c 0x00000000   Number         0  zf_pit.o ABSOLUTE
    ..\..\Libraries\seekfree_libraries\zf_pwm.c 0x00000000   Number         0  zf_pwm.o ABSOLUTE
    ..\..\Libraries\seekfree_libraries\zf_spi.c 0x00000000   Number         0  zf_spi.o ABSOLUTE
    ..\..\Libraries\seekfree_libraries\zf_systick.c 0x00000000   Number         0  zf_systick.o ABSOLUTE
    ..\..\Libraries\seekfree_libraries\zf_tim.c 0x00000000   Number         0  zf_tim.o ABSOLUTE
    ..\..\Libraries\seekfree_libraries\zf_uart.c 0x00000000   Number         0  zf_uart.o ABSOLUTE
    ..\..\Libraries\seekfree_peripheral\SEEKFREE_18TFT.c 0x00000000   Number         0  seekfree_18tft.o ABSOLUTE
    ..\..\Libraries\seekfree_peripheral\SEEKFREE_7725.c 0x00000000   Number         0  seekfree_7725.o ABSOLUTE
    ..\..\Libraries\seekfree_peripheral\SEEKFREE_ABSOLUTE_ENCODER.c 0x00000000   Number         0  seekfree_absolute_encoder.o ABSOLUTE
    ..\..\Libraries\seekfree_peripheral\SEEKFREE_FONT.c 0x00000000   Number         0  seekfree_font.o ABSOLUTE
    ..\..\Libraries\seekfree_peripheral\SEEKFREE_ICM20602.c 0x00000000   Number         0  seekfree_icm20602.o ABSOLUTE
    ..\..\Libraries\seekfree_peripheral\SEEKFREE_IIC.c 0x00000000   Number         0  seekfree_iic.o ABSOLUTE
    ..\..\Libraries\seekfree_peripheral\SEEKFREE_IPS114_SPI.c 0x00000000   Number         0  seekfree_ips114_spi.o ABSOLUTE
    ..\..\Libraries\seekfree_peripheral\SEEKFREE_L3G4200D.c 0x00000000   Number         0  seekfree_l3g4200d.o ABSOLUTE
    ..\..\Libraries\seekfree_peripheral\SEEKFREE_MMA8451.c 0x00000000   Number         0  seekfree_mma8451.o ABSOLUTE
    ..\..\Libraries\seekfree_peripheral\SEEKFREE_MPU6050.c 0x00000000   Number         0  seekfree_mpu6050.o ABSOLUTE
    ..\..\Libraries\seekfree_peripheral\SEEKFREE_MT9V03X.c 0x00000000   Number         0  seekfree_mt9v03x.o ABSOLUTE
    ..\..\Libraries\seekfree_peripheral\SEEKFREE_OLED.c 0x00000000   Number         0  seekfree_oled.o ABSOLUTE
    ..\..\Libraries\seekfree_peripheral\SEEKFREE_TSL1401.c 0x00000000   Number         0  seekfree_tsl1401.o ABSOLUTE
    ..\..\Libraries\seekfree_peripheral\SEEKFREE_UART_7725.c 0x00000000   Number         0  seekfree_uart_7725.o ABSOLUTE
    ..\..\Libraries\seekfree_peripheral\SEEKFREE_VIRSCO.c 0x00000000   Number         0  seekfree_virsco.o ABSOLUTE
    ..\..\Libraries\seekfree_peripheral\SEEKFREE_WIRELESS.c 0x00000000   Number         0  seekfree_wireless.o ABSOLUTE
    ..\USER\LCD\lcd.c                        0x00000000   Number         0  lcd.o ABSOLUTE
    ..\USER\PID\PID.c                        0x00000000   Number         0  pid.o ABSOLUTE
    ..\USER\define\define.c                  0x00000000   Number         0  define.o ABSOLUTE
    ..\USER\src\isr.c                        0x00000000   Number         0  isr.o ABSOLUTE
    ..\USER\src\main.c                       0x00000000   Number         0  main.o ABSOLUTE
    ..\\..\\Libraries\\Device\\MM32SPIN2xx_p\\HAL_Lib\\Src\\hal_adc.c 0x00000000   Number         0  hal_adc.o ABSOLUTE
    ..\\..\\Libraries\\Device\\MM32SPIN2xx_p\\HAL_Lib\\Src\\hal_bkp.c 0x00000000   Number         0  hal_bkp.o ABSOLUTE
    ..\\..\\Libraries\\Device\\MM32SPIN2xx_p\\HAL_Lib\\Src\\hal_comp.c 0x00000000   Number         0  hal_comp.o ABSOLUTE
    ..\\..\\Libraries\\Device\\MM32SPIN2xx_p\\HAL_Lib\\Src\\hal_crc.c 0x00000000   Number         0  hal_crc.o ABSOLUTE
    ..\\..\\Libraries\\Device\\MM32SPIN2xx_p\\HAL_Lib\\Src\\hal_dbg.c 0x00000000   Number         0  hal_dbg.o ABSOLUTE
    ..\\..\\Libraries\\Device\\MM32SPIN2xx_p\\HAL_Lib\\Src\\hal_div.c 0x00000000   Number         0  hal_div.o ABSOLUTE
    ..\\..\\Libraries\\Device\\MM32SPIN2xx_p\\HAL_Lib\\Src\\hal_dma.c 0x00000000   Number         0  hal_dma.o ABSOLUTE
    ..\\..\\Libraries\\Device\\MM32SPIN2xx_p\\HAL_Lib\\Src\\hal_exti.c 0x00000000   Number         0  hal_exti.o ABSOLUTE
    ..\\..\\Libraries\\Device\\MM32SPIN2xx_p\\HAL_Lib\\Src\\hal_flash.c 0x00000000   Number         0  hal_flash.o ABSOLUTE
    ..\\..\\Libraries\\Device\\MM32SPIN2xx_p\\HAL_Lib\\Src\\hal_gpio.c 0x00000000   Number         0  hal_gpio.o ABSOLUTE
    ..\\..\\Libraries\\Device\\MM32SPIN2xx_p\\HAL_Lib\\Src\\hal_i2c.c 0x00000000   Number         0  hal_i2c.o ABSOLUTE
    ..\\..\\Libraries\\Device\\MM32SPIN2xx_p\\HAL_Lib\\Src\\hal_iwdg.c 0x00000000   Number         0  hal_iwdg.o ABSOLUTE
    ..\\..\\Libraries\\Device\\MM32SPIN2xx_p\\HAL_Lib\\Src\\hal_misc.c 0x00000000   Number         0  hal_misc.o ABSOLUTE
    ..\\..\\Libraries\\Device\\MM32SPIN2xx_p\\HAL_Lib\\Src\\hal_opamp.c 0x00000000   Number         0  hal_opamp.o ABSOLUTE
    ..\\..\\Libraries\\Device\\MM32SPIN2xx_p\\HAL_Lib\\Src\\hal_pwr.c 0x00000000   Number         0  hal_pwr.o ABSOLUTE
    ..\\..\\Libraries\\Device\\MM32SPIN2xx_p\\HAL_Lib\\Src\\hal_rcc.c 0x00000000   Number         0  hal_rcc.o ABSOLUTE
    ..\\..\\Libraries\\Device\\MM32SPIN2xx_p\\HAL_Lib\\Src\\hal_spi.c 0x00000000   Number         0  hal_spi.o ABSOLUTE
    ..\\..\\Libraries\\Device\\MM32SPIN2xx_p\\HAL_Lib\\Src\\hal_sqrt.c 0x00000000   Number         0  hal_sqrt.o ABSOLUTE
    ..\\..\\Libraries\\Device\\MM32SPIN2xx_p\\HAL_Lib\\Src\\hal_tim.c 0x00000000   Number         0  hal_tim.o ABSOLUTE
    ..\\..\\Libraries\\Device\\MM32SPIN2xx_p\\HAL_Lib\\Src\\hal_uart.c 0x00000000   Number         0  hal_uart.o ABSOLUTE
    ..\\..\\Libraries\\Device\\MM32SPIN2xx_p\\HAL_Lib\\Src\\hal_uid.c 0x00000000   Number         0  hal_uid.o ABSOLUTE
    ..\\..\\Libraries\\Device\\MM32SPIN2xx_p\\HAL_Lib\\Src\\hal_ver.c 0x00000000   Number         0  hal_ver.o ABSOLUTE
    ..\\..\\Libraries\\Device\\MM32SPIN2xx_p\\HAL_Lib\\Src\\hal_wwdg.c 0x00000000   Number         0  hal_wwdg.o ABSOLUTE
    ..\\..\\Libraries\\Device\\MM32SPIN2xx_p\\Source\\system_mm32spin2xx_p.c 0x00000000   Number         0  system_mm32spin2xx_p.o ABSOLUTE
    ..\\..\\Libraries\\seekfree_libraries\\board\\board.c 0x00000000   Number         0  board.o ABSOLUTE
    ..\\..\\Libraries\\seekfree_libraries\\common\\SEEKFREE_PRINTF.c 0x00000000   Number         0  seekfree_printf.o ABSOLUTE
    ..\\..\\Libraries\\seekfree_libraries\\common\\common.c 0x00000000   Number         0  common.o ABSOLUTE
    ..\\..\\Libraries\\seekfree_libraries\\zf_adc.c 0x00000000   Number         0  zf_adc.o ABSOLUTE
    ..\\..\\Libraries\\seekfree_libraries\\zf_camera.c 0x00000000   Number         0  zf_camera.o ABSOLUTE
    ..\\..\\Libraries\\seekfree_libraries\\zf_exti.c 0x00000000   Number         0  zf_exti.o ABSOLUTE
    ..\\..\\Libraries\\seekfree_libraries\\zf_flash.c 0x00000000   Number         0  zf_flash.o ABSOLUTE
    ..\\..\\Libraries\\seekfree_libraries\\zf_gpio.c 0x00000000   Number         0  zf_gpio.o ABSOLUTE
    ..\\..\\Libraries\\seekfree_libraries\\zf_pit.c 0x00000000   Number         0  zf_pit.o ABSOLUTE
    ..\\..\\Libraries\\seekfree_libraries\\zf_pwm.c 0x00000000   Number         0  zf_pwm.o ABSOLUTE
    ..\\..\\Libraries\\seekfree_libraries\\zf_spi.c 0x00000000   Number         0  zf_spi.o ABSOLUTE
    ..\\..\\Libraries\\seekfree_libraries\\zf_systick.c 0x00000000   Number         0  zf_systick.o ABSOLUTE
    ..\\..\\Libraries\\seekfree_libraries\\zf_tim.c 0x00000000   Number         0  zf_tim.o ABSOLUTE
    ..\\..\\Libraries\\seekfree_libraries\\zf_uart.c 0x00000000   Number         0  zf_uart.o ABSOLUTE
    ..\\..\\Libraries\\seekfree_peripheral\\SEEKFREE_18TFT.c 0x00000000   Number         0  seekfree_18tft.o ABSOLUTE
    ..\\..\\Libraries\\seekfree_peripheral\\SEEKFREE_7725.c 0x00000000   Number         0  seekfree_7725.o ABSOLUTE
    ..\\..\\Libraries\\seekfree_peripheral\\SEEKFREE_ABSOLUTE_ENCODER.c 0x00000000   Number         0  seekfree_absolute_encoder.o ABSOLUTE
    ..\\..\\Libraries\\seekfree_peripheral\\SEEKFREE_FONT.c 0x00000000   Number         0  seekfree_font.o ABSOLUTE
    ..\\..\\Libraries\\seekfree_peripheral\\SEEKFREE_ICM20602.c 0x00000000   Number         0  seekfree_icm20602.o ABSOLUTE
    ..\\..\\Libraries\\seekfree_peripheral\\SEEKFREE_IIC.c 0x00000000   Number         0  seekfree_iic.o ABSOLUTE
    ..\\..\\Libraries\\seekfree_peripheral\\SEEKFREE_IPS114_SPI.c 0x00000000   Number         0  seekfree_ips114_spi.o ABSOLUTE
    ..\\..\\Libraries\\seekfree_peripheral\\SEEKFREE_L3G4200D.c 0x00000000   Number         0  seekfree_l3g4200d.o ABSOLUTE
    ..\\..\\Libraries\\seekfree_peripheral\\SEEKFREE_MMA8451.c 0x00000000   Number         0  seekfree_mma8451.o ABSOLUTE
    ..\\..\\Libraries\\seekfree_peripheral\\SEEKFREE_MPU6050.c 0x00000000   Number         0  seekfree_mpu6050.o ABSOLUTE
    ..\\..\\Libraries\\seekfree_peripheral\\SEEKFREE_MT9V03X.c 0x00000000   Number         0  seekfree_mt9v03x.o ABSOLUTE
    ..\\..\\Libraries\\seekfree_peripheral\\SEEKFREE_OLED.c 0x00000000   Number         0  seekfree_oled.o ABSOLUTE
    ..\\..\\Libraries\\seekfree_peripheral\\SEEKFREE_TSL1401.c 0x00000000   Number         0  seekfree_tsl1401.o ABSOLUTE
    ..\\..\\Libraries\\seekfree_peripheral\\SEEKFREE_UART_7725.c 0x00000000   Number         0  seekfree_uart_7725.o ABSOLUTE
    ..\\..\\Libraries\\seekfree_peripheral\\SEEKFREE_VIRSCO.c 0x00000000   Number         0  seekfree_virsco.o ABSOLUTE
    ..\\..\\Libraries\\seekfree_peripheral\\SEEKFREE_WIRELESS.c 0x00000000   Number         0  seekfree_wireless.o ABSOLUTE
    ..\\USER\\LCD\\lcd.c                     0x00000000   Number         0  lcd.o ABSOLUTE
    ..\\USER\\PID\\PID.c                     0x00000000   Number         0  pid.o ABSOLUTE
    ..\\USER\\define\\define.c               0x00000000   Number         0  define.o ABSOLUTE
    ..\\USER\\src\\isr.c                     0x00000000   Number         0  isr.o ABSOLUTE
    ..\\USER\\src\\main.c                    0x00000000   Number         0  main.o ABSOLUTE
    cdcmple.s                                0x00000000   Number         0  cdcmple.o ABSOLUTE
    cdrcmple.s                               0x00000000   Number         0  cdrcmple.o ABSOLUTE
    cfcmple.s                                0x00000000   Number         0  cfcmple.o ABSOLUTE
    cfrcmple.s                               0x00000000   Number         0  cfrcmple.o ABSOLUTE
    dc.s                                     0x00000000   Number         0  dc.o ABSOLUTE
    handlers.s                               0x00000000   Number         0  handlers.o ABSOLUTE
    init.s                                   0x00000000   Number         0  init.o ABSOLUTE
    RESET                                    0x08000000   Section      192  startup_mm32spin2xx_p_keil.o(RESET)
    .ARM.Collect$$$$00000000                 0x080000c0   Section        0  entry.o(.ARM.Collect$$$$00000000)
    .ARM.Collect$$$$00000001                 0x080000c0   Section        4  entry2.o(.ARM.Collect$$$$00000001)
    .ARM.Collect$$$$00000004                 0x080000c4   Section        4  entry5.o(.ARM.Collect$$$$00000004)
    .ARM.Collect$$$$00000008                 0x080000c8   Section        0  entry7b.o(.ARM.Collect$$$$00000008)
    .ARM.Collect$$$$0000000A                 0x080000c8   Section        0  entry8b.o(.ARM.Collect$$$$0000000A)
    .ARM.Collect$$$$0000000B                 0x080000c8   Section        8  entry9a.o(.ARM.Collect$$$$0000000B)
    .ARM.Collect$$$$0000000D                 0x080000d0   Section        0  entry10a.o(.ARM.Collect$$$$0000000D)
    .ARM.Collect$$$$0000000F                 0x080000d0   Section        0  entry11a.o(.ARM.Collect$$$$0000000F)
    .ARM.Collect$$$$00002712                 0x080000d0   Section        4  entry2.o(.ARM.Collect$$$$00002712)
    __lit__00000000                          0x080000d0   Data           4  entry2.o(.ARM.Collect$$$$00002712)
    .text                                    0x080000d4   Section      132  startup_mm32spin2xx_p_keil.o(.text)
    .text                                    0x08000158   Section        0  uidiv.o(.text)
    .text                                    0x08000184   Section        0  idiv.o(.text)
    .text                                    0x080001ac   Section        0  memcpya.o(.text)
    .text                                    0x080001d0   Section        0  fadd.o(.text)
    .text                                    0x08000282   Section        0  fmul.o(.text)
    .text                                    0x080002fc   Section        0  fdiv.o(.text)
    .text                                    0x08000378   Section        0  dadd.o(.text)
    .text                                    0x080004dc   Section        0  dmul.o(.text)
    .text                                    0x080005ac   Section        0  fflti.o(.text)
    .text                                    0x080005c2   Section        0  ffltui.o(.text)
    .text                                    0x080005d0   Section        0  dflti.o(.text)
    .text                                    0x080005f8   Section        0  ffixi.o(.text)
    .text                                    0x0800062a   Section        0  ffixui.o(.text)
    .text                                    0x08000654   Section        0  dfixi.o(.text)
    .text                                    0x0800069c   Section        0  f2d.o(.text)
    .text                                    0x080006c4   Section       40  cdcmple.o(.text)
    .text                                    0x080006ec   Section       40  cdrcmple.o(.text)
    .text                                    0x08000714   Section       20  cfcmple.o(.text)
    .text                                    0x08000728   Section       20  cfrcmple.o(.text)
    .text                                    0x0800073c   Section        0  llshl.o(.text)
    .text                                    0x0800075c   Section        0  llushr.o(.text)
    .text                                    0x0800077e   Section        0  llsshr.o(.text)
    .text                                    0x080007a4   Section        0  iusefp.o(.text)
    .text                                    0x080007a4   Section        0  fepilogue.o(.text)
    .text                                    0x08000826   Section        0  depilogue.o(.text)
    .text                                    0x080008e4   Section       36  init.o(.text)
    .text                                    0x08000908   Section        0  __dczerorl2.o(.text)
    i.ALL_CONFIG                             0x08000960   Section        0  define.o(i.ALL_CONFIG)
    i.AutoCalPllFactor                       0x08000a74   Section        0  system_mm32spin2xx_p.o(i.AutoCalPllFactor)
    i.DMA1_Channel1_IRQHandler               0x08000ade   Section        0  isr.o(i.DMA1_Channel1_IRQHandler)
    i.DMA1_Channel2_3_IRQHandler             0x08000af2   Section        0  isr.o(i.DMA1_Channel2_3_IRQHandler)
    i.DMA1_Channel4_5_IRQHandler             0x08000b18   Section        0  isr.o(i.DMA1_Channel4_5_IRQHandler)
    i.DMA_ClearFlag                          0x08000b64   Section        0  hal_dma.o(i.DMA_ClearFlag)
    i.DMA_GetFlagStatus                      0x08000b70   Section        0  hal_dma.o(i.DMA_GetFlagStatus)
    i.EXTI0_1_IRQHandler                     0x08000b88   Section        0  isr.o(i.EXTI0_1_IRQHandler)
    i.EXTI2_3_IRQHandler                     0x08000bac   Section        0  isr.o(i.EXTI2_3_IRQHandler)
    i.EXTI4_15_IRQHandler                    0x08000bd0   Section        0  isr.o(i.EXTI4_15_IRQHandler)
    i.EXTI_ClearFlag                         0x08000cd8   Section        0  hal_exti.o(i.EXTI_ClearFlag)
    i.EXTI_GetITStatus                       0x08000ce4   Section        0  hal_exti.o(i.EXTI_GetITStatus)
    i.HardFault_Handler                      0x08000d08   Section        0  common.o(i.HardFault_Handler)
    i.LCD_init                               0x08000d0c   Section        0  lcd.o(i.LCD_init)
    i.NMI_Handler                            0x08000ef4   Section        0  common.o(i.NMI_Handler)
    i.NVIC_Init                              0x08000ef8   Section        0  hal_misc.o(i.NVIC_Init)
    i.PendSV_Handler                         0x08000f60   Section        0  common.o(i.PendSV_Handler)
    i.Run_PID_init                           0x08000f64   Section        0  main.o(i.Run_PID_init)
    i.SVC_Handler                            0x0800100c   Section        0  common.o(i.SVC_Handler)
    i.SetSysClock                            0x08001010   Section        0  system_mm32spin2xx_p.o(i.SetSysClock)
    SetSysClock                              0x08001011   Thumb Code     8  system_mm32spin2xx_p.o(i.SetSysClock)
    i.SetSysClockToXX_HSI                    0x08001018   Section        0  system_mm32spin2xx_p.o(i.SetSysClockToXX_HSI)
    SetSysClockToXX_HSI                      0x08001019   Thumb Code   302  system_mm32spin2xx_p.o(i.SetSysClockToXX_HSI)
    i.SysTick_Handler                        0x08001168   Section        0  isr.o(i.SysTick_Handler)
    i.SystemInit                             0x0800116c   Section        0  system_mm32spin2xx_p.o(i.SystemInit)
    i.TIM14_IRQHandler                       0x080011d8   Section        0  isr.o(i.TIM14_IRQHandler)
    i.TIM16_IRQHandler                       0x08001250   Section        0  isr.o(i.TIM16_IRQHandler)
    i.TIM17_IRQHandler                       0x080012a0   Section        0  isr.o(i.TIM17_IRQHandler)
    i.TIM1_BRK_UP_TRG_COM_IRQHandler         0x080012f8   Section        0  isr.o(i.TIM1_BRK_UP_TRG_COM_IRQHandler)
    i.TIM2_IRQHandler                        0x0800130c   Section        0  isr.o(i.TIM2_IRQHandler)
    i.TIM3_IRQHandler                        0x08001320   Section        0  isr.o(i.TIM3_IRQHandler)
    i.TIM8_BRK_UP_TRG_COM_IRQHandler         0x08001334   Section        0  isr.o(i.TIM8_BRK_UP_TRG_COM_IRQHandler)
    i.UART1_IRQHandler                       0x08001348   Section        0  isr.o(i.UART1_IRQHandler)
    i.UART2_IRQHandler                       0x0800137c   Section        0  isr.o(i.UART2_IRQHandler)
    i.__ARM_clz                              0x080013d8   Section        0  depilogue.o(i.__ARM_clz)
    i.__scatterload_copy                     0x08001406   Section       14  handlers.o(i.__scatterload_copy)
    i.__scatterload_null                     0x08001414   Section        2  handlers.o(i.__scatterload_null)
    i.__scatterload_zeroinit                 0x08001416   Section       14  handlers.o(i.__scatterload_zeroinit)
    i.adc_init                               0x08001424   Section        0  zf_adc.o(i.adc_init)
    i.adc_pin_init                           0x080014c8   Section        0  zf_adc.o(i.adc_pin_init)
    adc_pin_init                             0x080014c9   Thumb Code    24  zf_adc.o(i.adc_pin_init)
    i.afio_init                              0x080014e0   Section        0  zf_gpio.o(i.afio_init)
    i.daocheRun_PID_init                     0x080015e0   Section        0  main.o(i.daocheRun_PID_init)
    i.daochedirection_init                   0x08001688   Section        0  main.o(i.daochedirection_init)
    i.daochemotor_init                       0x08001920   Section        0  main.o(i.daochemotor_init)
    i.daoyao_init                            0x08001af8   Section        0  main.o(i.daoyao_init)
    i.direction_init                         0x08001b80   Section        0  main.o(i.direction_init)
    i.gpio_get                               0x08001de8   Section        0  zf_gpio.o(i.gpio_get)
    i.gpio_init                              0x08001e14   Section        0  zf_gpio.o(i.gpio_init)
    i.gpio_set                               0x08001ef0   Section        0  zf_gpio.o(i.gpio_set)
    i.increment_pid_solve                    0x08001f4c   Section        0  pid.o(i.increment_pid_solve)
    i.jiance_init                            0x0800213c   Section        0  main.o(i.jiance_init)
    i.lcd_clear                              0x08002340   Section        0  seekfree_18tft.o(i.lcd_clear)
    i.lcd_init                               0x08002370   Section        0  seekfree_18tft.o(i.lcd_init)
    i.lcd_set_region                         0x08002648   Section        0  seekfree_18tft.o(i.lcd_set_region)
    lcd_set_region                           0x08002649   Thumb Code    86  seekfree_18tft.o(i.lcd_set_region)
    i.lcd_showchar                           0x080026a0   Section        0  seekfree_18tft.o(i.lcd_showchar)
    i.lcd_showfloat                          0x0800270c   Section        0  seekfree_18tft.o(i.lcd_showfloat)
    i.lcd_showint32                          0x080027c8   Section        0  seekfree_18tft.o(i.lcd_showint32)
    i.lcd_showstr                            0x08002830   Section        0  seekfree_18tft.o(i.lcd_showstr)
    i.lcd_writeData                          0x08002858   Section        0  seekfree_18tft.o(i.lcd_writeData)
    lcd_writeData                            0x08002859   Thumb Code    70  seekfree_18tft.o(i.lcd_writeData)
    i.lcd_writeIndex                         0x080028a4   Section        0  seekfree_18tft.o(i.lcd_writeIndex)
    lcd_writeIndex                           0x080028a5   Thumb Code    70  seekfree_18tft.o(i.lcd_writeIndex)
    i.lcd_writedata_16bit                    0x080028f0   Section        0  seekfree_18tft.o(i.lcd_writedata_16bit)
    lcd_writedata_16bit                      0x080028f1   Thumb Code    80  seekfree_18tft.o(i.lcd_writedata_16bit)
    i.main                                   0x08002944   Section        0  main.o(i.main)
    i.motor_init                             0x08002ab0   Section        0  main.o(i.motor_init)
    i.mt9v03x_dma                            0x08002cec   Section        0  seekfree_mt9v03x.o(i.mt9v03x_dma)
    i.mt9v03x_uart_callback                  0x08002d0c   Section        0  seekfree_mt9v03x.o(i.mt9v03x_uart_callback)
    i.mt9v03x_vsync                          0x08002d60   Section        0  seekfree_mt9v03x.o(i.mt9v03x_vsync)
    i.number_conversion_ascii                0x08002d7c   Section        0  seekfree_printf.o(i.number_conversion_ascii)
    i.nvic_init                              0x08002e10   Section        0  common.o(i.nvic_init)
    i.ov7725_cof_uart_interrupt              0x08002e28   Section        0  seekfree_uart_7725.o(i.ov7725_cof_uart_interrupt)
    i.ov7725_uart_dma                        0x08002e7c   Section        0  seekfree_uart_7725.o(i.ov7725_uart_dma)
    i.ov7725_uart_vsync                      0x08002e9c   Section        0  seekfree_uart_7725.o(i.ov7725_uart_vsync)
    i.pid_solve                              0x08002eb8   Section        0  pid.o(i.pid_solve)
    i.printf_reverse_order                   0x08002fac   Section        0  seekfree_printf.o(i.printf_reverse_order)
    i.pwm_duty_updata                        0x08002fd0   Section        0  zf_pwm.o(i.pwm_duty_updata)
    i.pwm_init                               0x08003078   Section        0  zf_pwm.o(i.pwm_init)
    i.pwm_pin_init                           0x080032d8   Section        0  zf_pwm.o(i.pwm_pin_init)
    pwm_pin_init                             0x080032d9   Thumb Code    22  zf_pwm.o(i.pwm_pin_init)
    i.seekfree_wireless_init                 0x080032ee   Section        0  seekfree_wireless.o(i.seekfree_wireless_init)
    i.spi_init                               0x08003314   Section        0  zf_spi.o(i.spi_init)
    i.spi_mosi                               0x080034a8   Section        0  zf_spi.o(i.spi_mosi)
    i.spi_pin_init                           0x080034fc   Section        0  zf_spi.o(i.spi_pin_init)
    spi_pin_init                             0x080034fd   Thumb Code    88  zf_spi.o(i.spi_pin_init)
    i.systick_delay                          0x08003558   Section        0  zf_systick.o(i.systick_delay)
    i.systick_delay_ms                       0x08003580   Section        0  zf_systick.o(i.systick_delay_ms)
    i.tim_encoder_get_count                  0x080035a8   Section        0  zf_tim.o(i.tim_encoder_get_count)
    i.tim_encoder_init                       0x080035d4   Section        0  zf_tim.o(i.tim_encoder_init)
    i.tim_encoder_pin_init                   0x080036d8   Section        0  zf_tim.o(i.tim_encoder_pin_init)
    tim_encoder_pin_init                     0x080036d9   Thumb Code    22  zf_tim.o(i.tim_encoder_pin_init)
    i.tim_interrupt_init                     0x080036f0   Section        0  zf_pit.o(i.tim_interrupt_init)
    i.uart_init                              0x080037d4   Section        0  zf_uart.o(i.uart_init)
    i.uart_pin_init                          0x08003898   Section        0  zf_uart.o(i.uart_pin_init)
    uart_pin_init                            0x08003899   Thumb Code    40  zf_uart.o(i.uart_pin_init)
    i.uart_query                             0x080038c0   Section        0  zf_uart.o(i.uart_query)
    i.uart_rx_irq                            0x080038e8   Section        0  zf_uart.o(i.uart_rx_irq)
    i.zf_sprintf                             0x08003934   Section        0  seekfree_printf.o(i.zf_sprintf)
    .constdata                               0x08003bf8   Section      312  main.o(.constdata)
    .constdata                               0x08003d30   Section     7048  seekfree_font.o(.constdata)
    .data                                    0x20000000   Section      228  main.o(.data)
    .data                                    0x200000e4   Section        8  common.o(.data)
    .data                                    0x200000ec   Section       20  system_mm32spin2xx_p.o(.data)
    .data                                    0x20000100   Section        8  zf_adc.o(.data)
    .data                                    0x20000108   Section       16  zf_gpio.o(.data)
    .data                                    0x20000118   Section        8  zf_spi.o(.data)
    .data                                    0x20000120   Section       28  zf_tim.o(.data)
    .data                                    0x2000013c   Section       10  zf_uart.o(.data)
    .data                                    0x20000146   Section       74  seekfree_mt9v03x.o(.data)
    receive                                  0x20000147   Data           3  seekfree_mt9v03x.o(.data)
    receive_num                              0x2000014a   Data           1  seekfree_mt9v03x.o(.data)
    uart_receive_flag                        0x2000014b   Data           1  seekfree_mt9v03x.o(.data)
    .data                                    0x20000190   Section       51  seekfree_uart_7725.o(.data)
    ov7725_uart_receive                      0x200001be   Data           3  seekfree_uart_7725.o(.data)
    ov7725_uart_receive_num                  0x200001c1   Data           1  seekfree_uart_7725.o(.data)
    ov7725_uart_receive_flag                 0x200001c2   Data           1  seekfree_uart_7725.o(.data)
    STACK                                    0x200001c8   Section     1024  startup_mm32spin2xx_p_keil.o(STACK)

    Global Symbols

    Symbol Name                              Value     Ov Type        Size  Object(Section)

    BuildAttributes$$THM_ISAv3M$S$PE$A:L22$X:L11$S22$IEEE1$IW$USESV6$~STKCKD$USESV7$~SHL$OTIME$ROPI$IEEEX$EBA8$MICROLIB$REQ8$PRES8$EABIv2 0x00000000   Number         0  anon$$obj.o ABSOLUTE
    __ARM_use_no_argv                        0x00000000   Number         0  main.o ABSOLUTE
    __cpp_initialize__aeabi_                  - Undefined Weak Reference
    __cxa_finalize                            - Undefined Weak Reference
    _clock_init                               - Undefined Weak Reference
    _microlib_exit                            - Undefined Weak Reference
    __Vectors_Size                           0x000000c0   Number         0  startup_mm32spin2xx_p_keil.o ABSOLUTE
    __Vectors                                0x08000000   Data           4  startup_mm32spin2xx_p_keil.o(RESET)
    __Vectors_End                            0x080000c0   Data           0  startup_mm32spin2xx_p_keil.o(RESET)
    __main                                   0x080000c1   Thumb Code     0  entry.o(.ARM.Collect$$$$00000000)
    _main_stk                                0x080000c1   Thumb Code     0  entry2.o(.ARM.Collect$$$$00000001)
    _main_scatterload                        0x080000c5   Thumb Code     0  entry5.o(.ARM.Collect$$$$00000004)
    __main_after_scatterload                 0x080000c9   Thumb Code     0  entry5.o(.ARM.Collect$$$$00000004)
    _main_clock                              0x080000c9   Thumb Code     0  entry7b.o(.ARM.Collect$$$$00000008)
    _main_cpp_init                           0x080000c9   Thumb Code     0  entry8b.o(.ARM.Collect$$$$0000000A)
    _main_init                               0x080000c9   Thumb Code     0  entry9a.o(.ARM.Collect$$$$0000000B)
    __rt_final_cpp                           0x080000d1   Thumb Code     0  entry10a.o(.ARM.Collect$$$$0000000D)
    __rt_final_exit                          0x080000d1   Thumb Code     0  entry11a.o(.ARM.Collect$$$$0000000F)
    Reset_Handler                            0x080000d5   Thumb Code    62  startup_mm32spin2xx_p_keil.o(.text)
    ADC1_IRQHandler                          0x0800011d   Thumb Code     0  startup_mm32spin2xx_p_keil.o(.text)
    ADC2_IRQHandler                          0x0800011d   Thumb Code     0  startup_mm32spin2xx_p_keil.o(.text)
    COMP1_2_3_4_5_IRQHandler                 0x0800011d   Thumb Code     0  startup_mm32spin2xx_p_keil.o(.text)
    FLASH_IRQHandler                         0x0800011d   Thumb Code     0  startup_mm32spin2xx_p_keil.o(.text)
    HWDIV_IRQHandler                         0x0800011d   Thumb Code     0  startup_mm32spin2xx_p_keil.o(.text)
    I2C1_IRQHandler                          0x0800011d   Thumb Code     0  startup_mm32spin2xx_p_keil.o(.text)
    PVD_IRQHandler                           0x0800011d   Thumb Code     0  startup_mm32spin2xx_p_keil.o(.text)
    PWM_IRQHandler                           0x0800011d   Thumb Code     0  startup_mm32spin2xx_p_keil.o(.text)
    RCC_IRQHandler                           0x0800011d   Thumb Code     0  startup_mm32spin2xx_p_keil.o(.text)
    SPI1_IRQHandler                          0x0800011d   Thumb Code     0  startup_mm32spin2xx_p_keil.o(.text)
    SPI2_IRQHandler                          0x0800011d   Thumb Code     0  startup_mm32spin2xx_p_keil.o(.text)
    TIM1_CC_IRQHandler                       0x0800011d   Thumb Code     0  startup_mm32spin2xx_p_keil.o(.text)
    TIM8_CC_IRQHandler                       0x0800011d   Thumb Code     0  startup_mm32spin2xx_p_keil.o(.text)
    WWDG_IRQHandler                          0x0800011d   Thumb Code     0  startup_mm32spin2xx_p_keil.o(.text)
    __aeabi_uidiv                            0x08000159   Thumb Code     0  uidiv.o(.text)
    __aeabi_uidivmod                         0x08000159   Thumb Code    44  uidiv.o(.text)
    __aeabi_idiv                             0x08000185   Thumb Code     0  idiv.o(.text)
    __aeabi_idivmod                          0x08000185   Thumb Code    40  idiv.o(.text)
    __aeabi_memcpy                           0x080001ad   Thumb Code    36  memcpya.o(.text)
    __aeabi_memcpy4                          0x080001ad   Thumb Code     0  memcpya.o(.text)
    __aeabi_memcpy8                          0x080001ad   Thumb Code     0  memcpya.o(.text)
    __aeabi_fadd                             0x080001d1   Thumb Code   162  fadd.o(.text)
    __aeabi_fsub                             0x08000273   Thumb Code     8  fadd.o(.text)
    __aeabi_frsub                            0x0800027b   Thumb Code     8  fadd.o(.text)
    __aeabi_fmul                             0x08000283   Thumb Code   122  fmul.o(.text)
    __aeabi_fdiv                             0x080002fd   Thumb Code   124  fdiv.o(.text)
    __aeabi_dadd                             0x08000379   Thumb Code   328  dadd.o(.text)
    __aeabi_dsub                             0x080004c1   Thumb Code    12  dadd.o(.text)
    __aeabi_drsub                            0x080004cd   Thumb Code    12  dadd.o(.text)
    __aeabi_dmul                             0x080004dd   Thumb Code   202  dmul.o(.text)
    __aeabi_i2f                              0x080005ad   Thumb Code    22  fflti.o(.text)
    __aeabi_ui2f                             0x080005c3   Thumb Code    14  ffltui.o(.text)
    __aeabi_i2d                              0x080005d1   Thumb Code    34  dflti.o(.text)
    __aeabi_f2iz                             0x080005f9   Thumb Code    50  ffixi.o(.text)
    __aeabi_f2uiz                            0x0800062b   Thumb Code    40  ffixui.o(.text)
    __aeabi_d2iz                             0x08000655   Thumb Code    62  dfixi.o(.text)
    __aeabi_f2d                              0x0800069d   Thumb Code    40  f2d.o(.text)
    __aeabi_cdcmpeq                          0x080006c5   Thumb Code     0  cdcmple.o(.text)
    __aeabi_cdcmple                          0x080006c5   Thumb Code    38  cdcmple.o(.text)
    __aeabi_cdrcmple                         0x080006ed   Thumb Code    38  cdrcmple.o(.text)
    __aeabi_cfcmpeq                          0x08000715   Thumb Code     0  cfcmple.o(.text)
    __aeabi_cfcmple                          0x08000715   Thumb Code    20  cfcmple.o(.text)
    __aeabi_cfrcmple                         0x08000729   Thumb Code    20  cfrcmple.o(.text)
    __aeabi_llsl                             0x0800073d   Thumb Code    32  llshl.o(.text)
    _ll_shift_l                              0x0800073d   Thumb Code     0  llshl.o(.text)
    __aeabi_llsr                             0x0800075d   Thumb Code    34  llushr.o(.text)
    _ll_ushift_r                             0x0800075d   Thumb Code     0  llushr.o(.text)
    __aeabi_lasr                             0x0800077f   Thumb Code    38  llsshr.o(.text)
    _ll_sshift_r                             0x0800077f   Thumb Code     0  llsshr.o(.text)
    __I$use$fp                               0x080007a5   Thumb Code     0  iusefp.o(.text)
    _float_round                             0x080007a5   Thumb Code    16  fepilogue.o(.text)
    _float_epilogue                          0x080007b5   Thumb Code   114  fepilogue.o(.text)
    _double_round                            0x08000827   Thumb Code    26  depilogue.o(.text)
    _double_epilogue                         0x08000841   Thumb Code   164  depilogue.o(.text)
    __scatterload                            0x080008e5   Thumb Code    28  init.o(.text)
    __scatterload_rt2                        0x080008e5   Thumb Code     0  init.o(.text)
    __decompress                             0x08000909   Thumb Code     0  __dczerorl2.o(.text)
    __decompress1                            0x08000909   Thumb Code    86  __dczerorl2.o(.text)
    ALL_CONFIG                               0x08000961   Thumb Code   208  define.o(i.ALL_CONFIG)
    AutoCalPllFactor                         0x08000a75   Thumb Code   106  system_mm32spin2xx_p.o(i.AutoCalPllFactor)
    DMA1_Channel1_IRQHandler                 0x08000adf   Thumb Code    20  isr.o(i.DMA1_Channel1_IRQHandler)
    DMA1_Channel2_3_IRQHandler               0x08000af3   Thumb Code    38  isr.o(i.DMA1_Channel2_3_IRQHandler)
    DMA1_Channel4_5_IRQHandler               0x08000b19   Thumb Code    70  isr.o(i.DMA1_Channel4_5_IRQHandler)
    DMA_ClearFlag                            0x08000b65   Thumb Code     6  hal_dma.o(i.DMA_ClearFlag)
    DMA_GetFlagStatus                        0x08000b71   Thumb Code    20  hal_dma.o(i.DMA_GetFlagStatus)
    EXTI0_1_IRQHandler                       0x08000b89   Thumb Code    36  isr.o(i.EXTI0_1_IRQHandler)
    EXTI2_3_IRQHandler                       0x08000bad   Thumb Code    36  isr.o(i.EXTI2_3_IRQHandler)
    EXTI4_15_IRQHandler                      0x08000bd1   Thumb Code   258  isr.o(i.EXTI4_15_IRQHandler)
    EXTI_ClearFlag                           0x08000cd9   Thumb Code     6  hal_exti.o(i.EXTI_ClearFlag)
    EXTI_GetITStatus                         0x08000ce5   Thumb Code    30  hal_exti.o(i.EXTI_GetITStatus)
    HardFault_Handler                        0x08000d09   Thumb Code     4  common.o(i.HardFault_Handler)
    LCD_init                                 0x08000d0d   Thumb Code   384  lcd.o(i.LCD_init)
    NMI_Handler                              0x08000ef5   Thumb Code     4  common.o(i.NMI_Handler)
    NVIC_Init                                0x08000ef9   Thumb Code   100  hal_misc.o(i.NVIC_Init)
    PendSV_Handler                           0x08000f61   Thumb Code     4  common.o(i.PendSV_Handler)
    Run_PID_init                             0x08000f65   Thumb Code   132  main.o(i.Run_PID_init)
    SVC_Handler                              0x0800100d   Thumb Code     4  common.o(i.SVC_Handler)
    SysTick_Handler                          0x08001169   Thumb Code     2  isr.o(i.SysTick_Handler)
    SystemInit                               0x0800116d   Thumb Code    90  system_mm32spin2xx_p.o(i.SystemInit)
    TIM14_IRQHandler                         0x080011d9   Thumb Code    86  isr.o(i.TIM14_IRQHandler)
    TIM16_IRQHandler                         0x08001251   Thumb Code    58  isr.o(i.TIM16_IRQHandler)
    TIM17_IRQHandler                         0x080012a1   Thumb Code    70  isr.o(i.TIM17_IRQHandler)
    TIM1_BRK_UP_TRG_COM_IRQHandler           0x080012f9   Thumb Code    14  isr.o(i.TIM1_BRK_UP_TRG_COM_IRQHandler)
    TIM2_IRQHandler                          0x0800130d   Thumb Code    18  isr.o(i.TIM2_IRQHandler)
    TIM3_IRQHandler                          0x08001321   Thumb Code    14  isr.o(i.TIM3_IRQHandler)
    TIM8_BRK_UP_TRG_COM_IRQHandler           0x08001335   Thumb Code    14  isr.o(i.TIM8_BRK_UP_TRG_COM_IRQHandler)
    UART1_IRQHandler                         0x08001349   Thumb Code    48  isr.o(i.UART1_IRQHandler)
    UART2_IRQHandler                         0x0800137d   Thumb Code    82  isr.o(i.UART2_IRQHandler)
    __ARM_clz                                0x080013d9   Thumb Code    46  depilogue.o(i.__ARM_clz)
    __scatterload_copy                       0x08001407   Thumb Code    14  handlers.o(i.__scatterload_copy)
    __scatterload_null                       0x08001415   Thumb Code     2  handlers.o(i.__scatterload_null)
    __scatterload_zeroinit                   0x08001417   Thumb Code    14  handlers.o(i.__scatterload_zeroinit)
    adc_init                                 0x08001425   Thumb Code   154  zf_adc.o(i.adc_init)
    afio_init                                0x080014e1   Thumb Code   248  zf_gpio.o(i.afio_init)
    daocheRun_PID_init                       0x080015e1   Thumb Code   132  main.o(i.daocheRun_PID_init)
    daochedirection_init                     0x08001689   Thumb Code   606  main.o(i.daochedirection_init)
    daochemotor_init                         0x08001921   Thumb Code   384  main.o(i.daochemotor_init)
    daoyao_init                              0x08001af9   Thumb Code   100  main.o(i.daoyao_init)
    direction_init                           0x08001b81   Thumb Code   566  main.o(i.direction_init)
    gpio_get                                 0x08001de9   Thumb Code    38  zf_gpio.o(i.gpio_get)
    gpio_init                                0x08001e15   Thumb Code   210  zf_gpio.o(i.gpio_init)
    gpio_set                                 0x08001ef1   Thumb Code    86  zf_gpio.o(i.gpio_set)
    increment_pid_solve                      0x08001f4d   Thumb Code   494  pid.o(i.increment_pid_solve)
    jiance_init                              0x0800213d   Thumb Code   432  main.o(i.jiance_init)
    lcd_clear                                0x08002341   Thumb Code    48  seekfree_18tft.o(i.lcd_clear)
    lcd_init                                 0x08002371   Thumb Code   708  seekfree_18tft.o(i.lcd_init)
    lcd_showchar                             0x080026a1   Thumb Code   100  seekfree_18tft.o(i.lcd_showchar)
    lcd_showfloat                            0x0800270d   Thumb Code   184  seekfree_18tft.o(i.lcd_showfloat)
    lcd_showint32                            0x080027c9   Thumb Code    98  seekfree_18tft.o(i.lcd_showint32)
    lcd_showstr                              0x08002831   Thumb Code    40  seekfree_18tft.o(i.lcd_showstr)
    main                                     0x08002945   Thumb Code   326  main.o(i.main)
    motor_init                               0x08002ab1   Thumb Code   454  main.o(i.motor_init)
    mt9v03x_dma                              0x08002ced   Thumb Code    20  seekfree_mt9v03x.o(i.mt9v03x_dma)
    mt9v03x_uart_callback                    0x08002d0d   Thumb Code    66  seekfree_mt9v03x.o(i.mt9v03x_uart_callback)
    mt9v03x_vsync                            0x08002d61   Thumb Code    20  seekfree_mt9v03x.o(i.mt9v03x_vsync)
    number_conversion_ascii                  0x08002d7d   Thumb Code   148  seekfree_printf.o(i.number_conversion_ascii)
    nvic_init                                0x08002e11   Thumb Code    22  common.o(i.nvic_init)
    ov7725_cof_uart_interrupt                0x08002e29   Thumb Code    66  seekfree_uart_7725.o(i.ov7725_cof_uart_interrupt)
    ov7725_uart_dma                          0x08002e7d   Thumb Code    20  seekfree_uart_7725.o(i.ov7725_uart_dma)
    ov7725_uart_vsync                        0x08002e9d   Thumb Code    22  seekfree_uart_7725.o(i.ov7725_uart_vsync)
    pid_solve                                0x08002eb9   Thumb Code   244  pid.o(i.pid_solve)
    printf_reverse_order                     0x08002fad   Thumb Code    34  seekfree_printf.o(i.printf_reverse_order)
    pwm_duty_updata                          0x08002fd1   Thumb Code   154  zf_pwm.o(i.pwm_duty_updata)
    pwm_init                                 0x08003079   Thumb Code   588  zf_pwm.o(i.pwm_init)
    seekfree_wireless_init                   0x080032ef   Thumb Code    38  seekfree_wireless.o(i.seekfree_wireless_init)
    spi_init                                 0x08003315   Thumb Code   390  zf_spi.o(i.spi_init)
    spi_mosi                                 0x080034a9   Thumb Code    78  zf_spi.o(i.spi_mosi)
    systick_delay                            0x08003559   Thumb Code    36  zf_systick.o(i.systick_delay)
    systick_delay_ms                         0x08003581   Thumb Code    34  zf_systick.o(i.systick_delay_ms)
    tim_encoder_get_count                    0x080035a9   Thumb Code    40  zf_tim.o(i.tim_encoder_get_count)
    tim_encoder_init                         0x080035d5   Thumb Code   246  zf_tim.o(i.tim_encoder_init)
    tim_interrupt_init                       0x080036f1   Thumb Code   208  zf_pit.o(i.tim_interrupt_init)
    uart_init                                0x080037d5   Thumb Code   180  zf_uart.o(i.uart_init)
    uart_query                               0x080038c1   Thumb Code    36  zf_uart.o(i.uart_query)
    uart_rx_irq                              0x080038e9   Thumb Code    66  zf_uart.o(i.uart_rx_irq)
    zf_sprintf                               0x08003935   Thumb Code   704  seekfree_printf.o(i.zf_sprintf)
    tft_ascii                                0x08003d30   Data        1520  seekfree_font.o(.constdata)
    gImage_qq                                0x08004320   Data        3200  seekfree_font.o(.constdata)
    chinese_test                             0x08004fa0   Data         128  seekfree_font.o(.constdata)
    oled_6x8                                 0x08005020   Data         552  seekfree_font.o(.constdata)
    oled_8x16                                0x08005248   Data        1520  seekfree_font.o(.constdata)
    oled_16x16_chinese                       0x08005838   Data         128  seekfree_font.o(.constdata)
    Region$$Table$$Base                      0x080058b8   Number         0  anon$$obj.o(Region$$Table)
    Region$$Table$$Limit                     0x080058d8   Number         0  anon$$obj.o(Region$$Table)
    h1                                       0x20000000   Data           4  main.o(.data)
    h2                                       0x20000004   Data           4  main.o(.data)
    h3                                       0x20000008   Data           4  main.o(.data)
    h4                                       0x2000000c   Data           4  main.o(.data)
    h5                                       0x20000010   Data           4  main.o(.data)
    h6                                       0x20000014   Data           4  main.o(.data)
    a                                        0x20000018   Data           4  main.o(.data)
    coderA                                   0x2000001c   Data           4  main.o(.data)
    coderB                                   0x20000020   Data           4  main.o(.data)
    pre_motorA                               0x20000024   Data           4  main.o(.data)
    pre_motorB                               0x20000028   Data           4  main.o(.data)
    last_motorA                              0x2000002c   Data           4  main.o(.data)
    motorA                                   0x20000030   Data           4  main.o(.data)
    motorB                                   0x20000034   Data           4  main.o(.data)
    last_motorB                              0x20000038   Data           4  main.o(.data)
    Last_duty                                0x2000003c   Data           4  main.o(.data)
    duty                                     0x20000040   Data           4  main.o(.data)
    zhidaoflag                               0x20000044   Data           4  main.o(.data)
    stopflag                                 0x20000048   Data           4  main.o(.data)
    crossflag                                0x2000004c   Data           4  main.o(.data)
    time                                     0x20000050   Data           4  main.o(.data)
    error                                    0x20000054   Data           4  main.o(.data)
    ML                                       0x20000058   Data           4  main.o(.data)
    MR                                       0x2000005c   Data           4  main.o(.data)
    MML                                      0x20000060   Data           4  main.o(.data)
    MMR                                      0x20000064   Data           4  main.o(.data)
    b1                                       0x20000068   Data           4  main.o(.data)
    b2                                       0x2000006c   Data           4  main.o(.data)
    stopjiance                               0x20000070   Data           4  main.o(.data)
    stopok                                   0x20000074   Data           4  main.o(.data)
    daocheflag                               0x20000078   Data           4  main.o(.data)
    daochestop                               0x2000007c   Data           4  main.o(.data)
    OUTPUT                                   0x20000080   Data           4  main.o(.data)
    daochestar                               0x20000084   Data           4  main.o(.data)
    dirA                                     0x20000088   Data           4  main.o(.data)
    dirB                                     0x2000008c   Data           4  main.o(.data)
    starcross                                0x20000090   Data           4  main.o(.data)
    crossout                                 0x20000094   Data           4  main.o(.data)
    stopcount                                0x20000098   Data           4  main.o(.data)
    k                                        0x2000009c   Data           4  main.o(.data)
    fuck                                     0x200000a0   Data           4  main.o(.data)
    yao                                      0x200000a4   Data           4  main.o(.data)
    HONG                                     0x200000a8   Data           4  main.o(.data)
    zhuangyao                                0x200000ac   Data           4  main.o(.data)
    crosscount1                              0x200000b0   Data           4  main.o(.data)
    crosscount2                              0x200000b4   Data           4  main.o(.data)
    crosscount3                              0x200000b8   Data           4  main.o(.data)
    crosscount4                              0x200000bc   Data           4  main.o(.data)
    uart1_get_buffer                         0x200000c0   Data           1  main.o(.data)
    uart2_get_buffer                         0x200000c1   Data           1  main.o(.data)
    time1                                    0x200000c4   Data           4  main.o(.data)
    Servo_deg                                0x200000c8   Data           4  main.o(.data)
    R_l                                      0x200000cc   Data           4  main.o(.data)
    R_m                                      0x200000d0   Data           4  main.o(.data)
    R_r                                      0x200000d4   Data           4  main.o(.data)
    Motor_L                                  0x200000d8   Data           4  main.o(.data)
    Motor_R                                  0x200000dc   Data           4  main.o(.data)
    daochejiesu                              0x200000e0   Data           4  main.o(.data)
    camera_type                              0x200000e4   Data           1  common.o(.data)
    camera_buffer_addr                       0x200000e8   Data           4  common.o(.data)
    SystemCoreClock                          0x200000ec   Data           4  system_mm32spin2xx_p.o(.data)
    AHBPrescTable                            0x200000f0   Data          16  system_mm32spin2xx_p.o(.data)
    adc_index                                0x20000100   Data           8  zf_adc.o(.data)
    gpio_group                               0x20000108   Data          16  zf_gpio.o(.data)
    spi_index                                0x20000118   Data           8  zf_spi.o(.data)
    tim_index                                0x20000120   Data          28  zf_tim.o(.data)
    uart_index                               0x2000013c   Data           8  zf_uart.o(.data)
    uart_irq                                 0x20000144   Data           2  zf_uart.o(.data)
    mt9v03x_finish_flag                      0x20000146   Data           1  seekfree_mt9v03x.o(.data)
    MT9V03X_CFG                              0x2000014c   Data          36  seekfree_mt9v03x.o(.data)
    GET_CFG                                  0x20000170   Data          32  seekfree_mt9v03x.o(.data)
    ov7725_uart_finish_flag                  0x20000190   Data           1  seekfree_uart_7725.o(.data)
    OV7725_CFG                               0x20000192   Data          24  seekfree_uart_7725.o(.data)
    OV7725_GET_CFG                           0x200001aa   Data          20  seekfree_uart_7725.o(.data)
    __initial_sp                             0x200005c8   Data           0  startup_mm32spin2xx_p_keil.o(STACK)



==============================================================================

Memory Map of the image

  Image Entry point : 0x080000c1

  Load Region LR_IROM1 (Base: 0x08000000, Size: 0x00005a9c, Max: 0x00020000, ABSOLUTE, COMPRESSED[0x00005958])

    Execution Region ER_IROM1 (Exec base: 0x08000000, Load base: 0x08000000, Size: 0x000058d8, Max: 0x00020000, ABSOLUTE)

    Exec Addr    Load Addr    Size         Type   Attr      Idx    E Section Name        Object

    0x08000000   0x08000000   0x000000c0   Data   RO          708    RESET               startup_mm32spin2xx_p_keil.o
    0x080000c0   0x080000c0   0x00000000   Code   RO         5235  * .ARM.Collect$$$$00000000  mc_p.l(entry.o)
    0x080000c0   0x080000c0   0x00000004   Code   RO         5309    .ARM.Collect$$$$00000001  mc_p.l(entry2.o)
    0x080000c4   0x080000c4   0x00000004   Code   RO         5312    .ARM.Collect$$$$00000004  mc_p.l(entry5.o)
    0x080000c8   0x080000c8   0x00000000   Code   RO         5314    .ARM.Collect$$$$00000008  mc_p.l(entry7b.o)
    0x080000c8   0x080000c8   0x00000000   Code   RO         5316    .ARM.Collect$$$$0000000A  mc_p.l(entry8b.o)
    0x080000c8   0x080000c8   0x00000008   Code   RO         5317    .ARM.Collect$$$$0000000B  mc_p.l(entry9a.o)
    0x080000d0   0x080000d0   0x00000000   Code   RO         5319    .ARM.Collect$$$$0000000D  mc_p.l(entry10a.o)
    0x080000d0   0x080000d0   0x00000000   Code   RO         5321    .ARM.Collect$$$$0000000F  mc_p.l(entry11a.o)
    0x080000d0   0x080000d0   0x00000004   Code   RO         5310    .ARM.Collect$$$$00002712  mc_p.l(entry2.o)
    0x080000d4   0x080000d4   0x00000084   Code   RO          709    .text               startup_mm32spin2xx_p_keil.o
    0x08000158   0x08000158   0x0000002c   Code   RO         5238    .text               mc_p.l(uidiv.o)
    0x08000184   0x08000184   0x00000028   Code   RO         5240    .text               mc_p.l(idiv.o)
    0x080001ac   0x080001ac   0x00000024   Code   RO         5244    .text               mc_p.l(memcpya.o)
    0x080001d0   0x080001d0   0x000000b2   Code   RO         5248    .text               mf_p.l(fadd.o)
    0x08000282   0x08000282   0x0000007a   Code   RO         5250    .text               mf_p.l(fmul.o)
    0x080002fc   0x080002fc   0x0000007c   Code   RO         5252    .text               mf_p.l(fdiv.o)
    0x08000378   0x08000378   0x00000164   Code   RO         5254    .text               mf_p.l(dadd.o)
    0x080004dc   0x080004dc   0x000000d0   Code   RO         5256    .text               mf_p.l(dmul.o)
    0x080005ac   0x080005ac   0x00000016   Code   RO         5260    .text               mf_p.l(fflti.o)
    0x080005c2   0x080005c2   0x0000000e   Code   RO         5262    .text               mf_p.l(ffltui.o)
    0x080005d0   0x080005d0   0x00000028   Code   RO         5264    .text               mf_p.l(dflti.o)
    0x080005f8   0x080005f8   0x00000032   Code   RO         5266    .text               mf_p.l(ffixi.o)
    0x0800062a   0x0800062a   0x00000028   Code   RO         5268    .text               mf_p.l(ffixui.o)
    0x08000652   0x08000652   0x00000002   PAD
    0x08000654   0x08000654   0x00000048   Code   RO         5270    .text               mf_p.l(dfixi.o)
    0x0800069c   0x0800069c   0x00000028   Code   RO         5272    .text               mf_p.l(f2d.o)
    0x080006c4   0x080006c4   0x00000028   Code   RO         5274    .text               mf_p.l(cdcmple.o)
    0x080006ec   0x080006ec   0x00000028   Code   RO         5276    .text               mf_p.l(cdrcmple.o)
    0x08000714   0x08000714   0x00000014   Code   RO         5280    .text               mf_p.l(cfcmple.o)
    0x08000728   0x08000728   0x00000014   Code   RO         5282    .text               mf_p.l(cfrcmple.o)
    0x0800073c   0x0800073c   0x00000020   Code   RO         5323    .text               mc_p.l(llshl.o)
    0x0800075c   0x0800075c   0x00000022   Code   RO         5325    .text               mc_p.l(llushr.o)
    0x0800077e   0x0800077e   0x00000026   Code   RO         5327    .text               mc_p.l(llsshr.o)
    0x080007a4   0x080007a4   0x00000000   Code   RO         5336    .text               mc_p.l(iusefp.o)
    0x080007a4   0x080007a4   0x00000082   Code   RO         5337    .text               mf_p.l(fepilogue.o)
    0x08000826   0x08000826   0x000000be   Code   RO         5339    .text               mf_p.l(depilogue.o)
    0x080008e4   0x080008e4   0x00000024   Code   RO         5347    .text               mc_p.l(init.o)
    0x08000908   0x08000908   0x00000056   Code   RO         5361    .text               mc_p.l(__dczerorl2.o)
    0x0800095e   0x0800095e   0x00000002   PAD
    0x08000960   0x08000960   0x00000114   Code   RO         5147    i.ALL_CONFIG        define.o
    0x08000a74   0x08000a74   0x0000006a   Code   RO          669    i.AutoCalPllFactor  system_mm32spin2xx_p.o
    0x08000ade   0x08000ade   0x00000014   Code   RO            3    i.DMA1_Channel1_IRQHandler  isr.o
    0x08000af2   0x08000af2   0x00000026   Code   RO            4    i.DMA1_Channel2_3_IRQHandler  isr.o
    0x08000b18   0x08000b18   0x0000004c   Code   RO            5    i.DMA1_Channel4_5_IRQHandler  isr.o
    0x08000b64   0x08000b64   0x0000000c   Code   RO         2841    i.DMA_ClearFlag     hal_dma.o
    0x08000b70   0x08000b70   0x00000018   Code   RO         2846    i.DMA_GetFlagStatus  hal_dma.o
    0x08000b88   0x08000b88   0x00000024   Code   RO            6    i.EXTI0_1_IRQHandler  isr.o
    0x08000bac   0x08000bac   0x00000024   Code   RO            7    i.EXTI2_3_IRQHandler  isr.o
    0x08000bd0   0x08000bd0   0x00000108   Code   RO            8    i.EXTI4_15_IRQHandler  isr.o
    0x08000cd8   0x08000cd8   0x0000000c   Code   RO         2942    i.EXTI_ClearFlag    hal_exti.o
    0x08000ce4   0x08000ce4   0x00000024   Code   RO         2947    i.EXTI_GetITStatus  hal_exti.o
    0x08000d08   0x08000d08   0x00000004   Code   RO          501    i.HardFault_Handler  common.o
    0x08000d0c   0x08000d0c   0x000001e8   Code   RO         5171    i.LCD_init          lcd.o
    0x08000ef4   0x08000ef4   0x00000004   Code   RO          503    i.NMI_Handler       common.o
    0x08000ef8   0x08000ef8   0x00000068   Code   RO         3618    i.NVIC_Init         hal_misc.o
    0x08000f60   0x08000f60   0x00000004   Code   RO          504    i.PendSV_Handler    common.o
    0x08000f64   0x08000f64   0x000000a8   Code   RO          380    i.Run_PID_init      main.o
    0x0800100c   0x0800100c   0x00000004   Code   RO          505    i.SVC_Handler       common.o
    0x08001010   0x08001010   0x00000008   Code   RO          670    i.SetSysClock       system_mm32spin2xx_p.o
    0x08001018   0x08001018   0x00000150   Code   RO          671    i.SetSysClockToXX_HSI  system_mm32spin2xx_p.o
    0x08001168   0x08001168   0x00000002   Code   RO            9    i.SysTick_Handler   isr.o
    0x0800116a   0x0800116a   0x00000002   PAD
    0x0800116c   0x0800116c   0x0000006c   Code   RO          672    i.SystemInit        system_mm32spin2xx_p.o
    0x080011d8   0x080011d8   0x00000078   Code   RO           10    i.TIM14_IRQHandler  isr.o
    0x08001250   0x08001250   0x00000050   Code   RO           11    i.TIM16_IRQHandler  isr.o
    0x080012a0   0x080012a0   0x00000058   Code   RO           12    i.TIM17_IRQHandler  isr.o
    0x080012f8   0x080012f8   0x00000014   Code   RO           13    i.TIM1_BRK_UP_TRG_COM_IRQHandler  isr.o
    0x0800130c   0x0800130c   0x00000012   Code   RO           14    i.TIM2_IRQHandler   isr.o
    0x0800131e   0x0800131e   0x00000002   PAD
    0x08001320   0x08001320   0x00000014   Code   RO           15    i.TIM3_IRQHandler   isr.o
    0x08001334   0x08001334   0x00000014   Code   RO           16    i.TIM8_BRK_UP_TRG_COM_IRQHandler  isr.o
    0x08001348   0x08001348   0x00000034   Code   RO           17    i.UART1_IRQHandler  isr.o
    0x0800137c   0x0800137c   0x0000005c   Code   RO           18    i.UART2_IRQHandler  isr.o
    0x080013d8   0x080013d8   0x0000002e   Code   RO         5341    i.__ARM_clz         mf_p.l(depilogue.o)
    0x08001406   0x08001406   0x0000000e   Code   RO         5355    i.__scatterload_copy  mc_p.l(handlers.o)
    0x08001414   0x08001414   0x00000002   Code   RO         5356    i.__scatterload_null  mc_p.l(handlers.o)
    0x08001416   0x08001416   0x0000000e   Code   RO         5357    i.__scatterload_zeroinit  mc_p.l(handlers.o)
    0x08001424   0x08001424   0x000000a4   Code   RO          716    i.adc_init          zf_adc.o
    0x080014c8   0x080014c8   0x00000018   Code   RO          718    i.adc_pin_init      zf_adc.o
    0x080014e0   0x080014e0   0x00000100   Code   RO          873    i.afio_init         zf_gpio.o
    0x080015e0   0x080015e0   0x000000a8   Code   RO          382    i.daocheRun_PID_init  main.o
    0x08001688   0x08001688   0x00000298   Code   RO          383    i.daochedirection_init  main.o
    0x08001920   0x08001920   0x000001d8   Code   RO          384    i.daochemotor_init  main.o
    0x08001af8   0x08001af8   0x00000088   Code   RO          385    i.daoyao_init       main.o
    0x08001b80   0x08001b80   0x00000268   Code   RO          386    i.direction_init    main.o
    0x08001de8   0x08001de8   0x0000002c   Code   RO          875    i.gpio_get          zf_gpio.o
    0x08001e14   0x08001e14   0x000000dc   Code   RO          876    i.gpio_init         zf_gpio.o
    0x08001ef0   0x08001ef0   0x0000005c   Code   RO          877    i.gpio_set          zf_gpio.o
    0x08001f4c   0x08001f4c   0x000001ee   Code   RO         5196    i.increment_pid_solve  pid.o
    0x0800213a   0x0800213a   0x00000002   PAD
    0x0800213c   0x0800213c   0x00000204   Code   RO          387    i.jiance_init       main.o
    0x08002340   0x08002340   0x00000030   Code   RO         1223    i.lcd_clear         seekfree_18tft.o
    0x08002370   0x08002370   0x000002d8   Code   RO         1230    i.lcd_init          seekfree_18tft.o
    0x08002648   0x08002648   0x00000056   Code   RO         1231    i.lcd_set_region    seekfree_18tft.o
    0x0800269e   0x0800269e   0x00000002   PAD
    0x080026a0   0x080026a0   0x0000006c   Code   RO         1232    i.lcd_showchar      seekfree_18tft.o
    0x0800270c   0x0800270c   0x000000bc   Code   RO         1233    i.lcd_showfloat     seekfree_18tft.o
    0x080027c8   0x080027c8   0x00000068   Code   RO         1235    i.lcd_showint32     seekfree_18tft.o
    0x08002830   0x08002830   0x00000028   Code   RO         1237    i.lcd_showstr       seekfree_18tft.o
    0x08002858   0x08002858   0x0000004c   Code   RO         1240    i.lcd_writeData     seekfree_18tft.o
    0x080028a4   0x080028a4   0x0000004c   Code   RO         1241    i.lcd_writeIndex    seekfree_18tft.o
    0x080028f0   0x080028f0   0x00000054   Code   RO         1242    i.lcd_writedata_16bit  seekfree_18tft.o
    0x08002944   0x08002944   0x0000016c   Code   RO          388    i.main              main.o
    0x08002ab0   0x08002ab0   0x0000023c   Code   RO          389    i.motor_init        main.o
    0x08002cec   0x08002cec   0x00000020   Code   RO         1988    i.mt9v03x_dma       seekfree_mt9v03x.o
    0x08002d0c   0x08002d0c   0x00000054   Code   RO         1993    i.mt9v03x_uart_callback  seekfree_mt9v03x.o
    0x08002d60   0x08002d60   0x0000001c   Code   RO         1994    i.mt9v03x_vsync     seekfree_mt9v03x.o
    0x08002d7c   0x08002d7c   0x00000094   Code   RO          586    i.number_conversion_ascii  seekfree_printf.o
    0x08002e10   0x08002e10   0x00000016   Code   RO          507    i.nvic_init         common.o
    0x08002e26   0x08002e26   0x00000002   PAD
    0x08002e28   0x08002e28   0x00000054   Code   RO         2245    i.ov7725_cof_uart_interrupt  seekfree_uart_7725.o
    0x08002e7c   0x08002e7c   0x00000020   Code   RO         2249    i.ov7725_uart_dma   seekfree_uart_7725.o
    0x08002e9c   0x08002e9c   0x0000001c   Code   RO         2255    i.ov7725_uart_vsync  seekfree_uart_7725.o
    0x08002eb8   0x08002eb8   0x000000f4   Code   RO         5197    i.pid_solve         pid.o
    0x08002fac   0x08002fac   0x00000022   Code   RO          587    i.printf_reverse_order  seekfree_printf.o
    0x08002fce   0x08002fce   0x00000002   PAD
    0x08002fd0   0x08002fd0   0x000000a8   Code   RO          956    i.pwm_duty_updata   zf_pwm.o
    0x08003078   0x08003078   0x00000260   Code   RO          958    i.pwm_init          zf_pwm.o
    0x080032d8   0x080032d8   0x00000016   Code   RO          959    i.pwm_pin_init      zf_pwm.o
    0x080032ee   0x080032ee   0x00000026   Code   RO         2387    i.seekfree_wireless_init  seekfree_wireless.o
    0x08003314   0x08003314   0x00000194   Code   RO          998    i.spi_init          zf_spi.o
    0x080034a8   0x080034a8   0x00000054   Code   RO          999    i.spi_mosi          zf_spi.o
    0x080034fc   0x080034fc   0x0000005c   Code   RO         1000    i.spi_pin_init      zf_spi.o
    0x08003558   0x08003558   0x00000028   Code   RO         1036    i.systick_delay     zf_systick.o
    0x08003580   0x08003580   0x00000028   Code   RO         1037    i.systick_delay_ms  zf_systick.o
    0x080035a8   0x080035a8   0x0000002c   Code   RO         1087    i.tim_encoder_get_count  zf_tim.o
    0x080035d4   0x080035d4   0x00000104   Code   RO         1088    i.tim_encoder_init  zf_tim.o
    0x080036d8   0x080036d8   0x00000016   Code   RO         1089    i.tim_encoder_pin_init  zf_tim.o
    0x080036ee   0x080036ee   0x00000002   PAD
    0x080036f0   0x080036f0   0x000000e4   Code   RO          925    i.tim_interrupt_init  zf_pit.o
    0x080037d4   0x080037d4   0x000000c4   Code   RO         1132    i.uart_init         zf_uart.o
    0x08003898   0x08003898   0x00000028   Code   RO         1133    i.uart_pin_init     zf_uart.o
    0x080038c0   0x080038c0   0x00000028   Code   RO         1137    i.uart_query        zf_uart.o
    0x080038e8   0x080038e8   0x0000004c   Code   RO         1138    i.uart_rx_irq       zf_uart.o
    0x08003934   0x08003934   0x000002c4   Code   RO          588    i.zf_sprintf        seekfree_printf.o
    0x08003bf8   0x08003bf8   0x00000138   Data   RO          391    .constdata          main.o
    0x08003d30   0x08003d30   0x00001b88   Data   RO         1542    .constdata          seekfree_font.o
    0x080058b8   0x080058b8   0x00000020   Data   RO         5353    Region$$Table       anon$$obj.o


    Execution Region RW_IRAM1 (Exec base: 0x20000000, Load base: 0x080058d8, Size: 0x000005c8, Max: 0x00003000, ABSOLUTE, COMPRESSED[0x00000080])

    Exec Addr    Load Addr    Size         Type   Attr      Idx    E Section Name        Object

    0x20000000   COMPRESSED   0x000000e4   Data   RW          392    .data               main.o
    0x200000e4   COMPRESSED   0x00000008   Data   RW          510    .data               common.o
    0x200000ec   COMPRESSED   0x00000014   Data   RW          673    .data               system_mm32spin2xx_p.o
    0x20000100   COMPRESSED   0x00000008   Data   RW          719    .data               zf_adc.o
    0x20000108   COMPRESSED   0x00000010   Data   RW          878    .data               zf_gpio.o
    0x20000118   COMPRESSED   0x00000008   Data   RW         1001    .data               zf_spi.o
    0x20000120   COMPRESSED   0x0000001c   Data   RW         1091    .data               zf_tim.o
    0x2000013c   COMPRESSED   0x0000000a   Data   RW         1140    .data               zf_uart.o
    0x20000146   COMPRESSED   0x0000004a   Data   RW         2000    .data               seekfree_mt9v03x.o
    0x20000190   COMPRESSED   0x00000033   Data   RW         2258    .data               seekfree_uart_7725.o
    0x200001c3   COMPRESSED   0x00000005   PAD
    0x200001c8        -       0x00000400   Zero   RW          706    STACK               startup_mm32spin2xx_p_keil.o


==============================================================================

Image component sizes


      Code (inc. data)   RO Data    RW Data    ZI Data      Debug   Object Name

        38          0          0          8          0       5024   common.o
       276         68          0          0          0        521   define.o
        36         10          0          0          0       1116   hal_dma.o
        48         12          0          0          0       1128   hal_exti.o
       104          4          0          0          0       1068   hal_misc.o
       982        118          0          0          0      83437   isr.o
       488        104          0          0          0        523   lcd.o
      3676        544        312        228          0       7428   main.o
       738          0          0          0          0       2466   pid.o
      1538         54          0          0          0       7664   seekfree_18tft.o
         0          0       7048          0          0       1061   seekfree_font.o
       144         38          0         74          0       2650   seekfree_mt9v03x.o
       890          4          0          0          0      13459   seekfree_printf.o
       144         36          0         51          0       2756   seekfree_uart_7725.o
        38          0          0          0          0        525   seekfree_wireless.o
       132         58        192          0       1024        748   startup_mm32spin2xx_p_keil.o
       558         52          0         20          0       3700   system_mm32spin2xx_p.o
       188         10          0          8          0       2847   zf_adc.o
       612         30          0         16          0       4147   zf_gpio.o
       228         20          0          0          0        825   zf_pit.o
       798         34          0          0          0       2269   zf_pwm.o
       580         24          0          8          0       4562   zf_spi.o
        80         10          0          0          0       1063   zf_systick.o
       326         18          0         28          0       3779   zf_tim.o
       352         30          0         10          0       4157   zf_uart.o

    ----------------------------------------------------------------------
     13008       1278       7584        452       1028     158923   Object Totals
         0          0         32          0          0          0   (incl. Generated)
        14          0          0          1          4          0   (incl. Padding)

    ----------------------------------------------------------------------

      Code (inc. data)   RO Data    RW Data    ZI Data      Debug   Library Member Name

        86          0          0          0          0          0   __dczerorl2.o
         0          0          0          0          0          0   entry.o
         0          0          0          0          0          0   entry10a.o
         0          0          0          0          0          0   entry11a.o
         8          4          0          0          0          0   entry2.o
         4          0          0          0          0          0   entry5.o
         0          0          0          0          0          0   entry7b.o
         0          0          0          0          0          0   entry8b.o
         8          4          0          0          0          0   entry9a.o
        30          0          0          0          0          0   handlers.o
        40          0          0          0          0         72   idiv.o
        36          8          0          0          0         68   init.o
         0          0          0          0          0          0   iusefp.o
        32          0          0          0          0         68   llshl.o
        38          0          0          0          0         68   llsshr.o
        34          0          0          0          0         68   llushr.o
        36          0          0          0          0         60   memcpya.o
        44          0          0          0          0         72   uidiv.o
        40          2          0          0          0         68   cdcmple.o
        40          2          0          0          0         68   cdrcmple.o
        20          0          0          0          0         68   cfcmple.o
        20          0          0          0          0         68   cfrcmple.o
       356          4          0          0          0        140   dadd.o
       236          0          0          0          0        216   depilogue.o
        72         10          0          0          0         72   dfixi.o
        40          6          0          0          0         68   dflti.o
       208          6          0          0          0         88   dmul.o
        40          0          0          0          0         60   f2d.o
       178          0          0          0          0        108   fadd.o
       124          0          0          0          0         72   fdiv.o
       130          0          0          0          0        144   fepilogue.o
        50          0          0          0          0         60   ffixi.o
        40          0          0          0          0         60   ffixui.o
        22          0          0          0          0         68   fflti.o
        14          0          0          0          0         68   ffltui.o
       122          0          0          0          0         72   fmul.o

    ----------------------------------------------------------------------
      2152         46          0          0          0       2044   Library Totals
         4          0          0          0          0          0   (incl. Padding)

    ----------------------------------------------------------------------

      Code (inc. data)   RO Data    RW Data    ZI Data      Debug   Library Name

       396         16          0          0          0        476   mc_p.l
      1752         30          0          0          0       1568   mf_p.l

    ----------------------------------------------------------------------
      2152         46          0          0          0       2044   Library Totals

    ----------------------------------------------------------------------

==============================================================================


      Code (inc. data)   RO Data    RW Data    ZI Data      Debug   

     15160       1324       7584        452       1028     156539   Grand Totals
     15160       1324       7584        128       1028     156539   ELF Image Totals (compressed)
     15160       1324       7584        128          0          0   ROM Totals

==============================================================================

    Total RO  Size (Code + RO Data)                22744 (  22.21kB)
    Total RW  Size (RW Data + ZI Data)              1480 (   1.45kB)
    Total ROM Size (Code + RO Data + RW Data)      22872 (  22.34kB)

==============================================================================

